Component: ARM Compiler 5.06 update 5 (build 528) Tool: armlink [4d35e2]

==============================================================================

Section Cross References

    system_stm32f4xx.o(i.SystemCoreClockUpdate) refers to system_stm32f4xx.o(.data) for .data
    system_stm32f4xx.o(i.SystemCoreClockUpdate) refers to system_stm32f4xx.o(.constdata) for .constdata
    startup_stm32f429xx.o(RESET) refers to startup_stm32f429xx.o(STACK) for __initial_sp
    startup_stm32f429xx.o(RESET) refers to startup_stm32f429xx.o(.text) for Reset_Handler
    startup_stm32f429xx.o(RESET) refers to port.o(.emb_text) for SVC_Handler
    startup_stm32f429xx.o(RESET) refers to stm32f4xx_it.o(i.SysTick_Handler) for SysTick_Handler
    startup_stm32f429xx.o(RESET) refers to stm32f4xx_it.o(i.TIM2_IRQHandler) for TIM2_IRQHandler
    startup_stm32f429xx.o(.text) refers to system_stm32f4xx.o(i.SystemInit) for SystemInit
    startup_stm32f429xx.o(.text) refers to entry.o(.ARM.Collect$$$$00000000) for __main
    stm32f4xx_hal_dma_ex.o(i.HAL_DMAEx_MultiBufferStart) refers to stm32f4xx_hal_dma_ex.o(i.DMA_MultiBufferSetConfig) for DMA_MultiBufferSetConfig
    stm32f4xx_hal_dma_ex.o(i.HAL_DMAEx_MultiBufferStart_IT) refers to stm32f4xx_hal_dma_ex.o(i.DMA_MultiBufferSetConfig) for DMA_MultiBufferSetConfig
    stm32f4xx_hal_pwr_ex.o(i.HAL_PWREx_ControlVoltageScaling) refers to stm32f4xx_hal.o(i.HAL_GetTick) for HAL_GetTick
    stm32f4xx_hal_pwr_ex.o(i.HAL_PWREx_DisableBkUpReg) refers to stm32f4xx_hal.o(i.HAL_GetTick) for HAL_GetTick
    stm32f4xx_hal_pwr_ex.o(i.HAL_PWREx_DisableOverDrive) refers to stm32f4xx_hal.o(i.HAL_GetTick) for HAL_GetTick
    stm32f4xx_hal_pwr_ex.o(i.HAL_PWREx_EnableBkUpReg) refers to stm32f4xx_hal.o(i.HAL_GetTick) for HAL_GetTick
    stm32f4xx_hal_pwr_ex.o(i.HAL_PWREx_EnableOverDrive) refers to stm32f4xx_hal.o(i.HAL_GetTick) for HAL_GetTick
    stm32f4xx_hal_rcc.o(i.HAL_RCC_ClockConfig) refers to stm32f4xx_hal.o(i.HAL_GetTick) for HAL_GetTick
    stm32f4xx_hal_rcc.o(i.HAL_RCC_ClockConfig) refers to stm32f4xx_hal_rcc.o(i.HAL_RCC_GetSysClockFreq) for HAL_RCC_GetSysClockFreq
    stm32f4xx_hal_rcc.o(i.HAL_RCC_ClockConfig) refers to stm32f4xx_hal_timebase_tim.o(i.HAL_InitTick) for HAL_InitTick
    stm32f4xx_hal_rcc.o(i.HAL_RCC_ClockConfig) refers to system_stm32f4xx.o(.constdata) for AHBPrescTable
    stm32f4xx_hal_rcc.o(i.HAL_RCC_ClockConfig) refers to system_stm32f4xx.o(.data) for SystemCoreClock
    stm32f4xx_hal_rcc.o(i.HAL_RCC_GetHCLKFreq) refers to system_stm32f4xx.o(.data) for SystemCoreClock
    stm32f4xx_hal_rcc.o(i.HAL_RCC_GetPCLK1Freq) refers to system_stm32f4xx.o(.data) for SystemCoreClock
    stm32f4xx_hal_rcc.o(i.HAL_RCC_GetPCLK1Freq) refers to system_stm32f4xx.o(.constdata) for APBPrescTable
    stm32f4xx_hal_rcc.o(i.HAL_RCC_GetPCLK2Freq) refers to system_stm32f4xx.o(.data) for SystemCoreClock
    stm32f4xx_hal_rcc.o(i.HAL_RCC_GetPCLK2Freq) refers to system_stm32f4xx.o(.constdata) for APBPrescTable
    stm32f4xx_hal_rcc.o(i.HAL_RCC_GetSysClockFreq) refers to uldiv.o(.text) for __aeabi_uldivmod
    stm32f4xx_hal_rcc.o(i.HAL_RCC_MCOConfig) refers to stm32f4xx_hal_gpio.o(i.HAL_GPIO_Init) for HAL_GPIO_Init
    stm32f4xx_hal_rcc.o(i.HAL_RCC_NMI_IRQHandler) refers to stm32f4xx_hal_rcc.o(i.HAL_RCC_CSSCallback) for HAL_RCC_CSSCallback
    stm32f4xx_hal_rcc.o(i.HAL_RCC_OscConfig) refers to stm32f4xx_hal.o(i.HAL_GetTick) for HAL_GetTick
    stm32f4xx_hal_flash_ex.o(i.FLASH_OB_DisableWRP) refers to stm32f4xx_hal_flash.o(i.FLASH_WaitForLastOperation) for FLASH_WaitForLastOperation
    stm32f4xx_hal_flash_ex.o(i.FLASH_OB_EnableWRP) refers to stm32f4xx_hal_flash.o(i.FLASH_WaitForLastOperation) for FLASH_WaitForLastOperation
    stm32f4xx_hal_flash_ex.o(i.HAL_FLASHEx_AdvOBProgram) refers to stm32f4xx_hal_flash.o(i.FLASH_WaitForLastOperation) for FLASH_WaitForLastOperation
    stm32f4xx_hal_flash_ex.o(i.HAL_FLASHEx_Erase) refers to stm32f4xx_hal_flash.o(i.FLASH_WaitForLastOperation) for FLASH_WaitForLastOperation
    stm32f4xx_hal_flash_ex.o(i.HAL_FLASHEx_Erase) refers to stm32f4xx_hal_flash_ex.o(i.FLASH_MassErase) for FLASH_MassErase
    stm32f4xx_hal_flash_ex.o(i.HAL_FLASHEx_Erase) refers to stm32f4xx_hal_flash_ex.o(i.FLASH_Erase_Sector) for FLASH_Erase_Sector
    stm32f4xx_hal_flash_ex.o(i.HAL_FLASHEx_Erase) refers to stm32f4xx_hal_flash_ex.o(i.FLASH_FlushCaches) for FLASH_FlushCaches
    stm32f4xx_hal_flash_ex.o(i.HAL_FLASHEx_Erase) refers to stm32f4xx_hal_flash.o(.bss) for pFlash
    stm32f4xx_hal_flash_ex.o(i.HAL_FLASHEx_Erase_IT) refers to stm32f4xx_hal_flash_ex.o(i.FLASH_Erase_Sector) for FLASH_Erase_Sector
    stm32f4xx_hal_flash_ex.o(i.HAL_FLASHEx_Erase_IT) refers to stm32f4xx_hal_flash_ex.o(i.FLASH_MassErase) for FLASH_MassErase
    stm32f4xx_hal_flash_ex.o(i.HAL_FLASHEx_Erase_IT) refers to stm32f4xx_hal_flash.o(.bss) for pFlash
    stm32f4xx_hal_flash_ex.o(i.HAL_FLASHEx_OBProgram) refers to stm32f4xx_hal_flash_ex.o(i.FLASH_OB_DisableWRP) for FLASH_OB_DisableWRP
[...]
    Removing stm32f4xx_hal_spi.o(i.SPI_DMAHalfTransmitCplt), (10 bytes).
    Removing stm32f4xx_hal_spi.o(i.SPI_DMAHalfTransmitReceiveCplt), (10 bytes).
    Removing stm32f4xx_hal_spi.o(i.SPI_DMAReceiveCplt), (82 bytes).
    Removing stm32f4xx_hal_spi.o(i.SPI_DMARxAbortCallback), (70 bytes).
    Removing stm32f4xx_hal_spi.o(i.SPI_DMATransmitCplt), (90 bytes).
    Removing stm32f4xx_hal_spi.o(i.SPI_DMATransmitReceiveCplt), (80 bytes).
    Removing stm32f4xx_hal_spi.o(i.SPI_DMATxAbortCallback), (104 bytes).
    Removing stm32f4xx_hal_spi.o(i.SPI_RxISR_16BIT), (32 bytes).
    Removing stm32f4xx_hal_spi.o(i.SPI_RxISR_8BIT), (30 bytes).
    Removing stm32f4xx_hal_spi.o(i.SPI_TxISR_16BIT), (32 bytes).
    Removing stm32f4xx_hal_spi.o(i.SPI_TxISR_8BIT), (30 bytes).
    Removing main.o(.rev16_text), (4 bytes).
    Removing main.o(.revsh_text), (4 bytes).
    Removing main.o(.rrx_text), (6 bytes).
    Removing main.o(i.Erase_Flash), (44 bytes).
    Removing main.o(i.Lock_Flash), (16 bytes).
    Removing main.o(i.Read_Flash), (4 bytes).
    Removing main.o(i.Unlock_Flash), (24 bytes).
    Removing main.o(i.Write_Flash), (28 bytes).
    Removing main.o(i._Error_Handler), (2 bytes).
    Removing main.o(i.eeprom_all), (80 bytes).
    Removing main.o(i.load), (24 bytes).
    Removing main.o(i.save), (28 bytes).
    Removing main.o(i.test_pn), (168 bytes).
    Removing main.o(.bss), (30 bytes).
    Removing main.o(.data), (4 bytes).
    Removing main.o(.data), (4 bytes).
    Removing main.o(.data), (4 bytes).
    Removing stm32f4xx_hal_msp.o(.rev16_text), (4 bytes).
    Removing stm32f4xx_hal_msp.o(.revsh_text), (4 bytes).
    Removing stm32f4xx_hal_msp.o(.rrx_text), (6 bytes).
    Removing stm32f4xx_hal_msp.o(i.HAL_SPI_MspDeInit), (40 bytes).
    Removing stm32f4xx_hal_msp.o(i.HAL_TIM_Base_MspDeInit), (28 bytes).
    Removing stm32f4xx_it.o(.rev16_text), (4 bytes).
    Removing stm32f4xx_it.o(.revsh_text), (4 bytes).
    Removing stm32f4xx_it.o(.rrx_text), (6 bytes).
    Removing lcd_txt.o(.rev16_text), (4 bytes).
    Removing lcd_txt.o(.revsh_text), (4 bytes).
    Removing lcd_txt.o(.rrx_text), (6 bytes).
    Removing stm32f4xx_hal_timebase_tim.o(.rev16_text), (4 bytes).
    Removing stm32f4xx_hal_timebase_tim.o(.revsh_text), (4 bytes).
    Removing stm32f4xx_hal_timebase_tim.o(.rrx_text), (6 bytes).
    Removing stm32f4xx_hal_timebase_tim.o(i.HAL_ResumeTick), (20 bytes).
    Removing stm32f4xx_hal_timebase_tim.o(i.HAL_SuspendTick), (20 bytes).
    Removing stm32f4xx_hal_timebase_tim.o(.data), (4 bytes).
    Removing event_groups.o(i.prvTestWaitCondition), (20 bytes).
    Removing event_groups.o(i.vEventGroupClearBitsCallback), (4 bytes).
    Removing event_groups.o(i.vEventGroupDelete), (70 bytes).
    Removing event_groups.o(i.vEventGroupSetBitsCallback), (4 bytes).
    Removing event_groups.o(i.xEventGroupClearBits), (64 bytes).
    Removing event_groups.o(i.xEventGroupCreate), (26 bytes).
    Removing event_groups.o(i.xEventGroupGetBitsFromISR), (26 bytes).
    Removing event_groups.o(i.xEventGroupSetBits), (140 bytes).
    Removing event_groups.o(i.xEventGroupSync), (204 bytes).
    Removing event_groups.o(i.xEventGroupWaitBits), (264 bytes).
    Removing port.o(i.vPortEndScheduler), (32 bytes).
    Removing port.o(i.vPortValidateInterruptPriority), (84 bytes).
    Removing heap_4.o(i.vPortInitialiseBlocks), (2 bytes).
    Removing heap_4.o(i.xPortGetFreeHeapSize), (12 bytes).
    Removing heap_4.o(i.xPortGetMinimumEverFreeHeapSize), (12 bytes).
    Removing queue.o(i.pcQueueGetName), (40 bytes).
    Removing queue.o(i.prvCopyDataFromQueue), (38 bytes).
    Removing queue.o(i.prvCopyDataToQueue), (108 bytes).
    Removing queue.o(i.prvIsQueueEmpty), (28 bytes).
    Removing queue.o(i.prvUnlockQueue), (106 bytes).
    Removing queue.o(i.uxQueueMessagesWaiting), (36 bytes).
    Removing queue.o(i.uxQueueMessagesWaitingFromISR), (22 bytes).
    Removing queue.o(i.uxQueueSpacesAvailable), (40 bytes).
    Removing queue.o(i.vQueueAddToRegistry), (40 bytes).
    Removing queue.o(i.vQueueDelete), (36 bytes).
    Removing queue.o(i.vQueueUnregisterQueue), (40 bytes).
    Removing queue.o(i.xQueueCreateMutex), (36 bytes).
    Removing queue.o(i.xQueueGenericCreate), (72 bytes).
    Removing queue.o(i.xQueueGenericReceive), (364 bytes).
    Removing queue.o(i.xQueueGenericReset), (136 bytes).
    Removing queue.o(i.xQueueGenericSend), (352 bytes).
    Removing queue.o(i.xQueueGenericSendFromISR), (188 bytes).
    Removing queue.o(i.xQueueGiveFromISR), (156 bytes).
    Removing queue.o(i.xQueueIsQueueEmptyFromISR), (30 bytes).
    Removing queue.o(i.xQueueIsQueueFullFromISR), (34 bytes).
    Removing queue.o(i.xQueuePeekFromISR), (116 bytes).
    Removing queue.o(i.xQueueReceiveFromISR), (154 bytes).
    Removing queue.o(.bss), (64 bytes).
    Removing tasks.o(i.pcTaskGetName), (32 bytes).
    Removing tasks.o(i.prvTaskIsTaskSuspended), (52 bytes).
    Removing tasks.o(i.pvTaskIncrementMutexHeldCount), (24 bytes).
    Removing tasks.o(i.ulTaskNotifyTake), (104 bytes).
    Removing tasks.o(i.uxTaskGetNumberOfTasks), (12 bytes).
    Removing tasks.o(i.uxTaskPriorityGet), (28 bytes).
    Removing tasks.o(i.uxTaskPriorityGetFromISR), (44 bytes).
    Removing tasks.o(i.uxTaskResetEventItemValue), (24 bytes).
    Removing tasks.o(i.vTaskDelete), (172 bytes).
    Removing tasks.o(i.vTaskEndScheduler), (28 bytes).
    Removing tasks.o(i.vTaskMissedYield), (12 bytes).
    Removing tasks.o(i.vTaskNotifyGiveFromISR), (184 bytes).
    Removing tasks.o(i.vTaskPlaceOnEventList), (48 bytes).
    Removing tasks.o(i.vTaskPlaceOnUnorderedEventList), (80 bytes).
    Removing tasks.o(i.vTaskPriorityInherit), (132 bytes).
    Removing tasks.o(i.vTaskPrioritySet), (196 bytes).
    Removing tasks.o(i.vTaskResume), (124 bytes).
    Removing tasks.o(i.vTaskSetTimeOutState), (36 bytes).
    Removing tasks.o(i.vTaskSuspend), (176 bytes).
    Removing tasks.o(i.xTaskCheckForTimeOut), (108 bytes).
    Removing tasks.o(i.xTaskGenericNotify), (204 bytes).
    Removing tasks.o(i.xTaskGenericNotifyFromISR), (240 bytes).
    Removing tasks.o(i.xTaskGetCurrentTaskHandle), (12 bytes).
    Removing tasks.o(i.xTaskGetTickCount), (12 bytes).
    Removing tasks.o(i.xTaskGetTickCountFromISR), (16 bytes).
    Removing tasks.o(i.xTaskNotifyStateClear), (52 bytes).
    Removing tasks.o(i.xTaskNotifyWait), (140 bytes).
    Removing tasks.o(i.xTaskPriorityDisinherit), (152 bytes).
    Removing tasks.o(i.xTaskRemoveFromEventList), (116 bytes).
    Removing tasks.o(i.xTaskRemoveFromUnorderedEventList), (120 bytes).
    Removing tasks.o(i.xTaskResumeFromISR), (136 bytes).
    Removing cmsis_os.o(.rev16_text), (4 bytes).
    Removing cmsis_os.o(.revsh_text), (4 bytes).
    Removing cmsis_os.o(i.inHandlerMode), (12 bytes).
    Removing cmsis_os.o(i.makeCmsisPriority), (14 bytes).
    Removing cmsis_os.o(i.osAbortDelay), (4 bytes).
    Removing cmsis_os.o(i.osDelayUntil), (4 bytes).
    Removing cmsis_os.o(i.osKernelRunning), (18 bytes).
    Removing cmsis_os.o(i.osKernelSysTick), (24 bytes).
    Removing cmsis_os.o(i.osMailAlloc), (12 bytes).
    Removing cmsis_os.o(i.osMailCAlloc), (32 bytes).
    Removing cmsis_os.o(i.osMailCreate), (92 bytes).
    Removing cmsis_os.o(i.osMailFree), (12 bytes).
    Removing cmsis_os.o(i.osMailGet), (148 bytes).
    Removing cmsis_os.o(i.osMailPut), (92 bytes).
    Removing cmsis_os.o(i.osMessageAvailableSpace), (4 bytes).
    Removing cmsis_os.o(i.osMessageCreate), (8 bytes).
    Removing cmsis_os.o(i.osMessageDelete), (24 bytes).
    Removing cmsis_os.o(i.osMessageGet), (152 bytes).
    Removing cmsis_os.o(i.osMessagePeek), (78 bytes).
    Removing cmsis_os.o(i.osMessagePut), (92 bytes).
    Removing cmsis_os.o(i.osMessageWaiting), (30 bytes).
    Removing cmsis_os.o(i.osMutexCreate), (6 bytes).
    Removing cmsis_os.o(i.osMutexDelete), (24 bytes).
    Removing cmsis_os.o(i.osMutexRelease), (80 bytes).
    Removing cmsis_os.o(i.osMutexWait), (104 bytes).
    Removing cmsis_os.o(i.osPoolAlloc), (106 bytes).
    Removing cmsis_os.o(i.osPoolCAlloc), (16 bytes).
    Removing cmsis_os.o(i.osPoolCreate), (94 bytes).
    Removing cmsis_os.o(i.osPoolFree), (48 bytes).
    Removing cmsis_os.o(i.osRecursiveMutexCreate), (4 bytes).
    Removing cmsis_os.o(i.osRecursiveMutexRelease), (4 bytes).
    Removing cmsis_os.o(i.osRecursiveMutexWait), (4 bytes).
    Removing cmsis_os.o(i.osSemaphoreCreate), (38 bytes).
    Removing cmsis_os.o(i.osSemaphoreDelete), (24 bytes).
    Removing cmsis_os.o(i.osSemaphoreGetCount), (4 bytes).
    Removing cmsis_os.o(i.osSemaphoreRelease), (80 bytes).
    Removing cmsis_os.o(i.osSemaphoreWait), (104 bytes).
    Removing cmsis_os.o(i.osSignalSet), (92 bytes).
    Removing cmsis_os.o(i.osSignalWait), (86 bytes).
    Removing cmsis_os.o(i.osThreadGetId), (4 bytes).
    Removing cmsis_os.o(i.osThreadGetPriority), (32 bytes).
    Removing cmsis_os.o(i.osThreadList), (4 bytes).
    Removing cmsis_os.o(i.osThreadResume), (52 bytes).
    Removing cmsis_os.o(i.osThreadResumeAll), (18 bytes).
    Removing cmsis_os.o(i.osThreadSetPriority), (22 bytes).
    Removing cmsis_os.o(i.osThreadSuspend), (10 bytes).
    Removing cmsis_os.o(i.osThreadSuspendAll), (10 bytes).
    Removing cmsis_os.o(i.osThreadTerminate), (10 bytes).
    Removing cmsis_os.o(i.osThreadYield), (24 bytes).
    Removing cmsis_os.o(i.osTimerCreate), (4 bytes).
    Removing cmsis_os.o(i.osTimerDelete), (4 bytes).
    Removing cmsis_os.o(i.osTimerStart), (4 bytes).
    Removing cmsis_os.o(i.osTimerStop), (4 bytes).

499 unused section(s) (total 32582 bytes) removed from the image.

==============================================================================

Image Symbol Table

    Local Symbols

    Symbol Name                              Value     Ov Type        Size  Object(Section)

    ../Src/freertos.c                        0x00000000   Number         0  freertos.o ABSOLUTE
    ../Src/main.c                            0x00000000   Number         0  main.o ABSOLUTE
    ../Src/stm32f4xx_hal_msp.c               0x00000000   Number         0  stm32f4xx_hal_msp.o ABSOLUTE
    ../Src/stm32f4xx_hal_timebase_TIM.c      0x00000000   Number         0  stm32f4xx_hal_timebase_tim.o ABSOLUTE
    ../Src/stm32f4xx_it.c                    0x00000000   Number         0  stm32f4xx_it.o ABSOLUTE
    ../Src/system_stm32f4xx.c                0x00000000   Number         0  system_stm32f4xx.o ABSOLUTE
    ../clib/microlib/division.c              0x00000000   Number         0  uldiv.o ABSOLUTE
    ../clib/microlib/init/entry.s            0x00000000   Number         0  entry7b.o ABSOLUTE
    ../clib/microlib/init/entry.s            0x00000000   Number         0  entry8a.o ABSOLUTE
    ../clib/microlib/init/entry.s            0x00000000   Number         0  entry8b.o ABSOLUTE
    ../clib/microlib/init/entry.s            0x00000000   Number         0  entry9a.o ABSOLUTE
    ../clib/microlib/init/entry.s            0x00000000   Number         0  entry9b.o ABSOLUTE
    ../clib/microlib/init/entry.s            0x00000000   Number         0  entry10a.o ABSOLUTE
    ../clib/microlib/init/entry.s            0x00000000   Number         0  entry11b.o ABSOLUTE
    ../clib/microlib/init/entry.s            0x00000000   Number         0  entry7a.o ABSOLUTE
    ../clib/microlib/init/entry.s            0x00000000   Number         0  entry10b.o ABSOLUTE
    ../clib/microlib/init/entry.s            0x00000000   Number         0  entry.o ABSOLUTE
    ../clib/microlib/init/entry.s            0x00000000   Number         0  entry5.o ABSOLUTE
    ../clib/microlib/init/entry.s            0x00000000   Number         0  entry11a.o ABSOLUTE
    ../clib/microlib/init/entry.s            0x00000000   Number         0  entry2.o ABSOLUTE
    ../clib/microlib/longlong.c              0x00000000   Number         0  llushr.o ABSOLUTE
    ../clib/microlib/longlong.c              0x00000000   Number         0  llshl.o ABSOLUTE
    ../clib/microlib/string/memcpy.c         0x00000000   Number         0  memcpyb.o ABSOLUTE
    ../clib/microlib/string/memcpy.c         0x00000000   Number         0  memcpya.o ABSOLUTE
    ..\Inc\lcd_txt.c                         0x00000000   Number         0  lcd_txt.o ABSOLUTE
    ..\Src\main.c                            0x00000000   Number         0  main.o ABSOLUTE
    ..\Src\stm32f4xx_hal_msp.c               0x00000000   Number         0  stm32f4xx_hal_msp.o ABSOLUTE
    ..\Src\stm32f4xx_hal_timebase_TIM.c      0x00000000   Number         0  stm32f4xx_hal_timebase_tim.o ABSOLUTE
    ..\Src\stm32f4xx_it.c                    0x00000000   Number         0  stm32f4xx_it.o ABSOLUTE
    ..\Src\system_stm32f4xx.c                0x00000000   Number         0  system_stm32f4xx.o ABSOLUTE
    ..\\Inc\\lcd_txt.c                       0x00000000   Number         0  lcd_txt.o ABSOLUTE
    D:/Psychorobotic/Program/STM32/SOFTWARE/STM32Cube_FW_F4_V1.13.0/STM32Cube_FW_F4_V1.17.0/Drivers/STM32F4xx_HAL_Driver/Src/stm32f4xx_hal.c 0x00000000   Number         0  stm32f4xx_hal.o ABSOLUTE
    D:/Psychorobotic/Program/STM32/SOFTWARE/STM32Cube_FW_F4_V1.13.0/STM32Cube_FW_F4_V1.17.0/Drivers/STM32F4xx_HAL_Driver/Src/stm32f4xx_hal_cortex.c 0x00000000   Number         0  stm32f4xx_hal_cortex.o ABSOLUTE
    D:/Psychorobotic/Program/STM32/SOFTWARE/STM32Cube_FW_F4_V1.13.0/STM32Cube_FW_F4_V1.17.0/Drivers/STM32F4xx_HAL_Driver/Src/stm32f4xx_hal_dma.c 0x00000000   Number         0  stm32f4xx_hal_dma.o ABSOLUTE
    D:/Psychorobotic/Program/STM32/SOFTWARE/STM32Cube_FW_F4_V1.13.0/STM32Cube_FW_F4_V1.17.0/Drivers/STM32F4xx_HAL_Driver/Src/stm32f4xx_hal_dma_ex.c 0x00000000   Number         0  stm32f4xx_hal_dma_ex.o ABSOLUTE
    D:/Psychorobotic/Program/STM32/SOFTWARE/STM32Cube_FW_F4_V1.13.0/STM32Cube_FW_F4_V1.17.0/Drivers/STM32F4xx_HAL_Driver/Src/stm32f4xx_hal_flash.c 0x00000000   Number         0  stm32f4xx_hal_flash.o ABSOLUTE
    D:/Psychorobotic/Program/STM32/SOFTWARE/STM32Cube_FW_F4_V1.13.0/STM32Cube_FW_F4_V1.17.0/Drivers/STM32F4xx_HAL_Driver/Src/stm32f4xx_hal_flash_ex.c 0x00000000   Number         0  stm32f4xx_hal_flash_ex.o ABSOLUTE
    D:/Psychorobotic/Program/STM32/SOFTWARE/STM32Cube_FW_F4_V1.13.0/STM32Cube_FW_F4_V1.17.0/Drivers/STM32F4xx_HAL_Driver/Src/stm32f4xx_hal_flash_ramfunc.c 0x00000000   Number         0  stm32f4xx_hal_flash_ramfunc.o ABSOLUTE
    D:/Psychorobotic/Program/STM32/SOFTWARE/STM32Cube_FW_F4_V1.13.0/STM32Cube_FW_F4_V1.17.0/Drivers/STM32F4xx_HAL_Driver/Src/stm32f4xx_hal_gpio.c 0x00000000   Number         0  stm32f4xx_hal_gpio.o ABSOLUTE
    D:/Psychorobotic/Program/STM32/SOFTWARE/STM32Cube_FW_F4_V1.13.0/STM32Cube_FW_F4_V1.17.0/Drivers/STM32F4xx_HAL_Driver/Src/stm32f4xx_hal_pwr.c 0x00000000   Number         0  stm32f4xx_hal_pwr.o ABSOLUTE
    D:/Psychorobotic/Program/STM32/SOFTWARE/STM32Cube_FW_F4_V1.13.0/STM32Cube_FW_F4_V1.17.0/Drivers/STM32F4xx_HAL_Driver/Src/stm32f4xx_hal_pwr_ex.c 0x00000000   Number         0  stm32f4xx_hal_pwr_ex.o ABSOLUTE
    D:/Psychorobotic/Program/STM32/SOFTWARE/STM32Cube_FW_F4_V1.13.0/STM32Cube_FW_F4_V1.17.0/Drivers/STM32F4xx_HAL_Driver/Src/stm32f4xx_hal_rcc.c 0x00000000   Number         0  stm32f4xx_hal_rcc.o ABSOLUTE
    D:/Psychorobotic/Program/STM32/SOFTWARE/STM32Cube_FW_F4_V1.13.0/STM32Cube_FW_F4_V1.17.0/Drivers/STM32F4xx_HAL_Driver/Src/stm32f4xx_hal_rcc_ex.c 0x00000000   Number         0  stm32f4xx_hal_rcc_ex.o ABSOLUTE
    D:/Psychorobotic/Program/STM32/SOFTWARE/STM32Cube_FW_F4_V1.13.0/STM32Cube_FW_F4_V1.17.0/Drivers/STM32F4xx_HAL_Driver/Src/stm32f4xx_hal_spi.c 0x00000000   Number         0  stm32f4xx_hal_spi.o ABSOLUTE
    D:/Psychorobotic/Program/STM32/SOFTWARE/STM32Cube_FW_F4_V1.13.0/STM32Cube_FW_F4_V1.17.0/Drivers/STM32F4xx_HAL_Driver/Src/stm32f4xx_hal_tim.c 0x00000000   Number         0  stm32f4xx_hal_tim.o ABSOLUTE
    D:/Psychorobotic/Program/STM32/SOFTWARE/STM32Cube_FW_F4_V1.13.0/STM32Cube_FW_F4_V1.17.0/Drivers/STM32F4xx_HAL_Driver/Src/stm32f4xx_hal_tim_ex.c 0x00000000   Number         0  stm32f4xx_hal_tim_ex.o ABSOLUTE
    D:/Psychorobotic/Program/STM32/SOFTWARE/STM32Cube_FW_F4_V1.13.0/STM32Cube_FW_F4_V1.17.0/Middlewares/Third_Party/FreeRTOS/Source/CMSIS_RTOS/cmsis_os.c 0x00000000   Number         0  cmsis_os.o ABSOLUTE
    D:/Psychorobotic/Program/STM32/SOFTWARE/STM32Cube_FW_F4_V1.13.0/STM32Cube_FW_F4_V1.17.0/Middlewares/Third_Party/FreeRTOS/Source/croutine.c 0x00000000   Number         0  croutine.o ABSOLUTE
    D:/Psychorobotic/Program/STM32/SOFTWARE/STM32Cube_FW_F4_V1.13.0/STM32Cube_FW_F4_V1.17.0/Middlewares/Third_Party/FreeRTOS/Source/event_groups.c 0x00000000   Number         0  event_groups.o ABSOLUTE
    D:/Psychorobotic/Program/STM32/SOFTWARE/STM32Cube_FW_F4_V1.13.0/STM32Cube_FW_F4_V1.17.0/Middlewares/Third_Party/FreeRTOS/Source/list.c 0x00000000   Number         0  list.o ABSOLUTE
    D:/Psychorobotic/Program/STM32/SOFTWARE/STM32Cube_FW_F4_V1.13.0/STM32Cube_FW_F4_V1.17.0/Middlewares/Third_Party/FreeRTOS/Source/portable/MemMang/heap_4.c 0x00000000   Number         0  heap_4.o ABSOLUTE
    D:/Psychorobotic/Program/STM32/SOFTWARE/STM32Cube_FW_F4_V1.13.0/STM32Cube_FW_F4_V1.17.0/Middlewares/Third_Party/FreeRTOS/Source/portable/RVDS/ARM_CM4F/port.c 0x00000000   Number         0  port.o ABSOLUTE
    D:/Psychorobotic/Program/STM32/SOFTWARE/STM32Cube_FW_F4_V1.13.0/STM32Cube_FW_F4_V1.17.0/Middlewares/Third_Party/FreeRTOS/Source/queue.c 0x00000000   Number         0  queue.o ABSOLUTE
    D:/Psychorobotic/Program/STM32/SOFTWARE/STM32Cube_FW_F4_V1.13.0/STM32Cube_FW_F4_V1.17.0/Middlewares/Third_Party/FreeRTOS/Source/tasks.c 0x00000000   Number         0  tasks.o ABSOLUTE
    D:/Psychorobotic/Program/STM32/SOFTWARE/STM32Cube_FW_F4_V1.13.0/STM32Cube_FW_F4_V1.17.0/Middlewares/Third_Party/FreeRTOS/Source/timers.c 0x00000000   Number         0  timers.o ABSOLUTE
    D:\Psychorobotic\Program\STM32\SOFTWARE\STM32Cube_FW_F4_V1.13.0\STM32Cube_FW_F4_V1.17.0\Drivers\STM32F4xx_HAL_Driver\Src\stm32f4xx_hal.c 0x00000000   Number         0  stm32f4xx_hal.o ABSOLUTE
    D:\Psychorobotic\Program\STM32\SOFTWARE\STM32Cube_FW_F4_V1.13.0\STM32Cube_FW_F4_V1.17.0\Drivers\STM32F4xx_HAL_Driver\Src\stm32f4xx_hal_cortex.c 0x00000000   Number         0  stm32f4xx_hal_cortex.o ABSOLUTE
    D:\Psychorobotic\Program\STM32\SOFTWARE\STM32Cube_FW_F4_V1.13.0\STM32Cube_FW_F4_V1.17.0\Drivers\STM32F4xx_HAL_Driver\Src\stm32f4xx_hal_dma.c 0x00000000   Number         0  stm32f4xx_hal_dma.o ABSOLUTE
    D:\Psychorobotic\Program\STM32\SOFTWARE\STM32Cube_FW_F4_V1.13.0\STM32Cube_FW_F4_V1.17.0\Drivers\STM32F4xx_HAL_Driver\Src\stm32f4xx_hal_dma_ex.c 0x00000000   Number         0  stm32f4xx_hal_dma_ex.o ABSOLUTE
    D:\Psychorobotic\Program\STM32\SOFTWARE\STM32Cube_FW_F4_V1.13.0\STM32Cube_FW_F4_V1.17.0\Drivers\STM32F4xx_HAL_Driver\Src\stm32f4xx_hal_flash.c 0x00000000   Number         0  stm32f4xx_hal_flash.o ABSOLUTE
    D:\Psychorobotic\Program\STM32\SOFTWARE\STM32Cube_FW_F4_V1.13.0\STM32Cube_FW_F4_V1.17.0\Drivers\STM32F4xx_HAL_Driver\Src\stm32f4xx_hal_flash_ex.c 0x00000000   Number         0  stm32f4xx_hal_flash_ex.o ABSOLUTE
    D:\Psychorobotic\Program\STM32\SOFTWARE\STM32Cube_FW_F4_V1.13.0\STM32Cube_FW_F4_V1.17.0\Drivers\STM32F4xx_HAL_Driver\Src\stm32f4xx_hal_flash_ramfunc.c 0x00000000   Number         0  stm32f4xx_hal_flash_ramfunc.o ABSOLUTE
    D:\Psychorobotic\Program\STM32\SOFTWARE\STM32Cube_FW_F4_V1.13.0\STM32Cube_FW_F4_V1.17.0\Drivers\STM32F4xx_HAL_Driver\Src\stm32f4xx_hal_gpio.c 0x00000000   Number         0  stm32f4xx_hal_gpio.o ABSOLUTE
    D:\Psychorobotic\Program\STM32\SOFTWARE\STM32Cube_FW_F4_V1.13.0\STM32Cube_FW_F4_V1.17.0\Drivers\STM32F4xx_HAL_Driver\Src\stm32f4xx_hal_pwr.c 0x00000000   Number         0  stm32f4xx_hal_pwr.o ABSOLUTE
    D:\Psychorobotic\Program\STM32\SOFTWARE\STM32Cube_FW_F4_V1.13.0\STM32Cube_FW_F4_V1.17.0\Drivers\STM32F4xx_HAL_Driver\Src\stm32f4xx_hal_pwr_ex.c 0x00000000   Number         0  stm32f4xx_hal_pwr_ex.o ABSOLUTE
    D:\Psychorobotic\Program\STM32\SOFTWARE\STM32Cube_FW_F4_V1.13.0\STM32Cube_FW_F4_V1.17.0\Drivers\STM32F4xx_HAL_Driver\Src\stm32f4xx_hal_rcc.c 0x00000000   Number         0  stm32f4xx_hal_rcc.o ABSOLUTE
    D:\Psychorobotic\Program\STM32\SOFTWARE\STM32Cube_FW_F4_V1.13.0\STM32Cube_FW_F4_V1.17.0\Drivers\STM32F4xx_HAL_Driver\Src\stm32f4xx_hal_rcc_ex.c 0x00000000   Number         0  stm32f4xx_hal_rcc_ex.o ABSOLUTE
    D:\Psychorobotic\Program\STM32\SOFTWARE\STM32Cube_FW_F4_V1.13.0\STM32Cube_FW_F4_V1.17.0\Drivers\STM32F4xx_HAL_Driver\Src\stm32f4xx_hal_spi.c 0x00000000   Number         0  stm32f4xx_hal_spi.o ABSOLUTE
    D:\Psychorobotic\Program\STM32\SOFTWARE\STM32Cube_FW_F4_V1.13.0\STM32Cube_FW_F4_V1.17.0\Drivers\STM32F4xx_HAL_Driver\Src\stm32f4xx_hal_tim.c 0x00000000   Number         0  stm32f4xx_hal_tim.o ABSOLUTE
    D:\Psychorobotic\Program\STM32\SOFTWARE\STM32Cube_FW_F4_V1.13.0\STM32Cube_FW_F4_V1.17.0\Drivers\STM32F4xx_HAL_Driver\Src\stm32f4xx_hal_tim_ex.c 0x00000000   Number         0  stm32f4xx_hal_tim_ex.o ABSOLUTE
    D:\Psychorobotic\Program\STM32\SOFTWARE\STM32Cube_FW_F4_V1.13.0\STM32Cube_FW_F4_V1.17.0\Middlewares\Third_Party\FreeRTOS\Source\CMSIS_RTOS\cmsis_os.c 0x00000000   Number         0  cmsis_os.o ABSOLUTE
    D:\Psychorobotic\Program\STM32\SOFTWARE\STM32Cube_FW_F4_V1.13.0\STM32Cube_FW_F4_V1.17.0\Middlewares\Third_Party\FreeRTOS\Source\portable\RVDS\ARM_CM4F\port.c 0x00000000   Number         0  port.o ABSOLUTE
    dc.s                                     0x00000000   Number         0  dc.o ABSOLUTE
    handlers.s                               0x00000000   Number         0  handlers.o ABSOLUTE
    init.s                                   0x00000000   Number         0  init.o ABSOLUTE
    startup_stm32f429xx.s                    0x00000000   Number         0  startup_stm32f429xx.o ABSOLUTE
    RESET                                    0x08000000   Section      428  startup_stm32f429xx.o(RESET)
    .ARM.Collect$$$$00000000                 0x080001ac   Section        0  entry.o(.ARM.Collect$$$$00000000)
    .ARM.Collect$$$$00000001                 0x080001ac   Section        4  entry2.o(.ARM.Collect$$$$00000001)
    .ARM.Collect$$$$00000004                 0x080001b0   Section        4  entry5.o(.ARM.Collect$$$$00000004)
    .ARM.Collect$$$$00000008                 0x080001b4   Section        0  entry7b.o(.ARM.Collect$$$$00000008)
    .ARM.Collect$$$$0000000A                 0x080001b4   Section        0  entry8b.o(.ARM.Collect$$$$0000000A)
    .ARM.Collect$$$$0000000B                 0x080001b4   Section        8  entry9a.o(.ARM.Collect$$$$0000000B)
    .ARM.Collect$$$$0000000D                 0x080001bc   Section        0  entry10a.o(.ARM.Collect$$$$0000000D)
    .ARM.Collect$$$$0000000F                 0x080001bc   Section        0  entry11a.o(.ARM.Collect$$$$0000000F)
    .ARM.Collect$$$$00002712                 0x080001bc   Section        4  entry2.o(.ARM.Collect$$$$00002712)
    __lit__00000000                          0x080001bc   Data           4  entry2.o(.ARM.Collect$$$$00002712)
    .emb_text                                0x080001c0   Section      186  port.o(.emb_text)
    $v0                                      0x080001c0   Number         0  port.o(.emb_text)
    .text                                    0x0800027c   Section       36  startup_stm32f429xx.o(.text)
    $v0                                      0x0800027c   Number         0  startup_stm32f429xx.o(.text)
    .text                                    0x080002a0   Section        0  uldiv.o(.text)
    .text                                    0x08000302   Section        0  memcpya.o(.text)
    .text                                    0x08000326   Section        0  llshl.o(.text)
    .text                                    0x08000344   Section        0  llushr.o(.text)
    .text                                    0x08000364   Section       36  init.o(.text)
    i.Get_PS2Dat                             0x08000388   Section        0  main.o(i.Get_PS2Dat)
    i.HAL_Delay                              0x0800048c   Section        0  stm32f4xx_hal.o(i.HAL_Delay)
    i.HAL_GPIO_Init                          0x080004a8   Section        0  stm32f4xx_hal_gpio.o(i.HAL_GPIO_Init)
    i.HAL_GPIO_ReadPin                       0x08000674   Section        0  stm32f4xx_hal_gpio.o(i.HAL_GPIO_ReadPin)
    i.HAL_GPIO_WritePin                      0x0800067e   Section        0  stm32f4xx_hal_gpio.o(i.HAL_GPIO_WritePin)
    i.HAL_GetTick                            0x08000688   Section        0  stm32f4xx_hal.o(i.HAL_GetTick)
    i.HAL_IncTick                            0x08000694   Section        0  stm32f4xx_hal.o(i.HAL_IncTick)
    i.HAL_Init                               0x080006a4   Section        0  stm32f4xx_hal.o(i.HAL_Init)
    i.HAL_InitTick                           0x080006d8   Section        0  stm32f4xx_hal_timebase_tim.o(i.HAL_InitTick)
    i.HAL_MspInit                            0x0800074c   Section        0  stm32f4xx_hal_msp.o(i.HAL_MspInit)
    i.HAL_NVIC_EnableIRQ                     0x080007a4   Section        0  stm32f4xx_hal_cortex.o(i.HAL_NVIC_EnableIRQ)
    i.HAL_NVIC_SetPriority                   0x080007bc   Section        0  stm32f4xx_hal_cortex.o(i.HAL_NVIC_SetPriority)
    i.HAL_NVIC_SetPriorityGrouping           0x080007fc   Section        0  stm32f4xx_hal_cortex.o(i.HAL_NVIC_SetPriorityGrouping)
    i.HAL_RCC_ClockConfig                    0x08000820   Section        0  stm32f4xx_hal_rcc.o(i.HAL_RCC_ClockConfig)
    i.HAL_RCC_GetClockConfig                 0x08000950   Section        0  stm32f4xx_hal_rcc.o(i.HAL_RCC_GetClockConfig)
    i.HAL_RCC_GetHCLKFreq                    0x08000990   Section        0  stm32f4xx_hal_rcc.o(i.HAL_RCC_GetHCLKFreq)
    i.HAL_RCC_GetPCLK1Freq                   0x0800099c   Section        0  stm32f4xx_hal_rcc.o(i.HAL_RCC_GetPCLK1Freq)
    i.HAL_RCC_GetSysClockFreq                0x080009bc   Section        0  stm32f4xx_hal_rcc.o(i.HAL_RCC_GetSysClockFreq)
    i.HAL_RCC_OscConfig                      0x08000a1c   Section        0  stm32f4xx_hal_rcc.o(i.HAL_RCC_OscConfig)
    i.HAL_SPI_Init                           0x08000d0c   Section        0  stm32f4xx_hal_spi.o(i.HAL_SPI_Init)
    i.HAL_SPI_MspInit                        0x08000d8c   Section        0  stm32f4xx_hal_msp.o(i.HAL_SPI_MspInit)
    i.HAL_SPI_TransmitReceive                0x08000dd8   Section        0  stm32f4xx_hal_spi.o(i.HAL_SPI_TransmitReceive)
    i.HAL_SYSTICK_CLKSourceConfig            0x08000fb0   Section        0  stm32f4xx_hal_cortex.o(i.HAL_SYSTICK_CLKSourceConfig)
    i.HAL_SYSTICK_Config                     0x08000fc8   Section        0  stm32f4xx_hal_cortex.o(i.HAL_SYSTICK_Config)
    i.HAL_TIMEx_BreakCallback                0x08000ff0   Section        0  stm32f4xx_hal_tim_ex.o(i.HAL_TIMEx_BreakCallback)
    i.HAL_TIMEx_CommutationCallback          0x08000ff2   Section        0  stm32f4xx_hal_tim_ex.o(i.HAL_TIMEx_CommutationCallback)
    i.HAL_TIMEx_ConfigBreakDeadTime          0x08000ff4   Section        0  stm32f4xx_hal_tim_ex.o(i.HAL_TIMEx_ConfigBreakDeadTime)
    i.HAL_TIMEx_MasterConfigSynchronization  0x0800104e   Section        0  stm32f4xx_hal_tim_ex.o(i.HAL_TIMEx_MasterConfigSynchronization)
    i.HAL_TIM_Base_Init                      0x0800109e   Section        0  stm32f4xx_hal_tim.o(i.HAL_TIM_Base_Init)
    i.HAL_TIM_Base_MspInit                   0x080010d4   Section        0  stm32f4xx_hal_msp.o(i.HAL_TIM_Base_MspInit)
    i.HAL_TIM_Base_Start_IT                  0x080010fc   Section        0  stm32f4xx_hal_tim.o(i.HAL_TIM_Base_Start_IT)
    i.HAL_TIM_ConfigClockSource              0x08001114   Section        0  stm32f4xx_hal_tim.o(i.HAL_TIM_ConfigClockSource)
    i.HAL_TIM_IC_CaptureCallback             0x08001206   Section        0  stm32f4xx_hal_tim.o(i.HAL_TIM_IC_CaptureCallback)
    i.HAL_TIM_IRQHandler                     0x08001208   Section        0  stm32f4xx_hal_tim.o(i.HAL_TIM_IRQHandler)
    i.HAL_TIM_MspPostInit                    0x08001370   Section        0  stm32f4xx_hal_msp.o(i.HAL_TIM_MspPostInit)
    i.HAL_TIM_OC_DelayElapsedCallback        0x080013a4   Section        0  stm32f4xx_hal_tim.o(i.HAL_TIM_OC_DelayElapsedCallback)
    i.HAL_TIM_PWM_ConfigChannel              0x080013a6   Section        0  stm32f4xx_hal_tim.o(i.HAL_TIM_PWM_ConfigChannel)
    i.HAL_TIM_PWM_Init                       0x08001476   Section        0  stm32f4xx_hal_tim.o(i.HAL_TIM_PWM_Init)
    i.HAL_TIM_PWM_MspInit                    0x080014ac   Section        0  stm32f4xx_hal_tim.o(i.HAL_TIM_PWM_MspInit)
    i.HAL_TIM_PWM_PulseFinishedCallback      0x080014ae   Section        0  stm32f4xx_hal_tim.o(i.HAL_TIM_PWM_PulseFinishedCallback)
    i.HAL_TIM_PWM_Start                      0x080014b0   Section        0  stm32f4xx_hal_tim.o(i.HAL_TIM_PWM_Start)
    i.HAL_TIM_PeriodElapsedCallback          0x080014e8   Section        0  main.o(i.HAL_TIM_PeriodElapsedCallback)
    i.HAL_TIM_TriggerCallback                0x080014f6   Section        0  stm32f4xx_hal_tim.o(i.HAL_TIM_TriggerCallback)
    i.MX_GPIO_Init                           0x080014f8   Section        0  main.o(i.MX_GPIO_Init)
    MX_GPIO_Init                             0x080014f9   Thumb Code   394  main.o(i.MX_GPIO_Init)
    i.MX_SPI1_Init                           0x080016a4   Section        0  main.o(i.MX_SPI1_Init)
    MX_SPI1_Init                             0x080016a5   Thumb Code    58  main.o(i.MX_SPI1_Init)
    i.MX_TIM1_Init                           0x080016e8   Section        0  main.o(i.MX_TIM1_Init)
    MX_TIM1_Init                             0x080016e9   Thumb Code   190  main.o(i.MX_TIM1_Init)
    i.NVIC_SetPriority                       0x080017b0   Section        0  stm32f4xx_hal_cortex.o(i.NVIC_SetPriority)
    NVIC_SetPriority                         0x080017b1   Thumb Code    32  stm32f4xx_hal_cortex.o(i.NVIC_SetPriority)
    i.PS2_RWByte                             0x080017d0   Section        0  main.o(i.PS2_RWByte)
    i.SPI_CheckFlag_BSY                      0x080017f0   Section        0  stm32f4xx_hal_spi.o(i.SPI_CheckFlag_BSY)
    SPI_CheckFlag_BSY                        0x080017f1   Thumb Code    32  stm32f4xx_hal_spi.o(i.SPI_CheckFlag_BSY)
    i.SPI_WaitFlagStateUntilTimeout          0x08001810   Section        0  stm32f4xx_hal_spi.o(i.SPI_WaitFlagStateUntilTimeout)
    SPI_WaitFlagStateUntilTimeout            0x08001811   Thumb Code   150  stm32f4xx_hal_spi.o(i.SPI_WaitFlagStateUntilTimeout)
    i.SysTick_Handler                        0x080018a6   Section        0  stm32f4xx_it.o(i.SysTick_Handler)
    i.SystemClock_Config                     0x080018ac   Section        0  main.o(i.SystemClock_Config)
    i.SystemInit                             0x0800193c   Section        0  system_stm32f4xx.o(i.SystemInit)
    i.TIM2_IRQHandler                        0x08001990   Section        0  stm32f4xx_it.o(i.TIM2_IRQHandler)
    i.TIM_Base_SetConfig                     0x0800199c   Section        0  stm32f4xx_hal_tim.o(i.TIM_Base_SetConfig)
    i.TIM_CCxChannelCmd                      0x08001a5c   Section        0  stm32f4xx_hal_tim.o(i.TIM_CCxChannelCmd)
    i.TIM_ETR_SetConfig                      0x08001a72   Section        0  stm32f4xx_hal_tim.o(i.TIM_ETR_SetConfig)
    TIM_ETR_SetConfig                        0x08001a73   Thumb Code    20  stm32f4xx_hal_tim.o(i.TIM_ETR_SetConfig)
    i.TIM_ITRx_SetConfig                     0x08001a86   Section        0  stm32f4xx_hal_tim.o(i.TIM_ITRx_SetConfig)
    TIM_ITRx_SetConfig                       0x08001a87   Thumb Code    16  stm32f4xx_hal_tim.o(i.TIM_ITRx_SetConfig)
    i.TIM_OC1_SetConfig                      0x08001a98   Section        0  stm32f4xx_hal_tim.o(i.TIM_OC1_SetConfig)
    TIM_OC1_SetConfig                        0x08001a99   Thumb Code    80  stm32f4xx_hal_tim.o(i.TIM_OC1_SetConfig)
    i.TIM_OC2_SetConfig                      0x08001af0   Section        0  stm32f4xx_hal_tim.o(i.TIM_OC2_SetConfig)
    i.TIM_OC3_SetConfig                      0x08001b54   Section        0  stm32f4xx_hal_tim.o(i.TIM_OC3_SetConfig)
    TIM_OC3_SetConfig                        0x08001b55   Thumb Code    88  stm32f4xx_hal_tim.o(i.TIM_OC3_SetConfig)
    i.TIM_OC4_SetConfig                      0x08001bb4   Section        0  stm32f4xx_hal_tim.o(i.TIM_OC4_SetConfig)
    TIM_OC4_SetConfig                        0x08001bb5   Thumb Code    70  stm32f4xx_hal_tim.o(i.TIM_OC4_SetConfig)
    i.TIM_TI1_ConfigInputStage               0x08001c04   Section        0  stm32f4xx_hal_tim.o(i.TIM_TI1_ConfigInputStage)
    TIM_TI1_ConfigInputStage                 0x08001c05   Thumb Code    34  stm32f4xx_hal_tim.o(i.TIM_TI1_ConfigInputStage)
    i.TIM_TI2_ConfigInputStage               0x08001c26   Section        0  stm32f4xx_hal_tim.o(i.TIM_TI2_ConfigInputStage)
    TIM_TI2_ConfigInputStage                 0x08001c27   Thumb Code    36  stm32f4xx_hal_tim.o(i.TIM_TI2_ConfigInputStage)
    i.Thread1                                0x08001c4c   Section        0  main.o(i.Thread1)
    i.Thread2                                0x08001c88   Section        0  main.o(i.Thread2)
    i.__scatterload_copy                     0x08001c90   Section       14  handlers.o(i.__scatterload_copy)
    i.__scatterload_null                     0x08001c9e   Section        2  handlers.o(i.__scatterload_null)
    i.__scatterload_zeroinit                 0x08001ca0   Section       14  handlers.o(i.__scatterload_zeroinit)
    i.kanan                                  0x08001cb0   Section        0  main.o(i.kanan)
    i.kiri                                   0x08001d18   Section        0  main.o(i.kiri)
    i.lcd_clear                              0x08001d80   Section        0  lcd_txt.o(i.lcd_clear)
    i.lcd_init                               0x08001d88   Section        0  lcd_txt.o(i.lcd_init)
    i.lcd_puts                               0x08001e08   Section        0  lcd_txt.o(i.lcd_puts)
    i.lcd_write                              0x08001e48   Section        0  lcd_txt.o(i.lcd_write)
    i.lengan_p_kanan                         0x08001f38   Section        0  main.o(i.lengan_p_kanan)
    i.lengan_p_kiri                          0x08001f68   Section        0  main.o(i.lengan_p_kiri)
    i.lengan_rem                             0x08001f98   Section        0  main.o(i.lengan_rem)
    i.main                                   0x08001fc4   Section        0  main.o(i.main)
    i.maju                                   0x08002c50   Section        0  main.o(i.maju)
    i.makeFreeRtosPriority                   0x08002cb8   Section        0  cmsis_os.o(i.makeFreeRtosPriority)
    makeFreeRtosPriority                     0x08002cb9   Thumb Code    12  cmsis_os.o(i.makeFreeRtosPriority)
    i.mundur                                 0x08002cc4   Section        0  main.o(i.mundur)
    i.mundur_kanan                           0x08002d2c   Section        0  main.o(i.mundur_kanan)
    i.osDelay                                0x08002d94   Section        0  cmsis_os.o(i.osDelay)
    i.osKernelStart                          0x08002da2   Section        0  cmsis_os.o(i.osKernelStart)
    i.osSystickHandler                       0x08002dac   Section        0  cmsis_os.o(i.osSystickHandler)
    i.osThreadCreate                         0x08002dc0   Section        0  cmsis_os.o(i.osThreadCreate)
    i.p_kanan                                0x08002df0   Section        0  main.o(i.p_kanan)
    i.p_kiri                                 0x08002e58   Section        0  main.o(i.p_kiri)
    i.pn_tz1_capit_off                       0x08002ec0   Section        0  main.o(i.pn_tz1_capit_off)
    i.pn_tz1_capit_on                        0x08002ed0   Section        0  main.o(i.pn_tz1_capit_on)
    i.pn_tz1_maju_off                        0x08002ee0   Section        0  main.o(i.pn_tz1_maju_off)
    i.pn_tz1_maju_on                         0x08002ef0   Section        0  main.o(i.pn_tz1_maju_on)
    i.pn_tz2_capit_off                       0x08002f00   Section        0  main.o(i.pn_tz2_capit_off)
    i.pn_tz2_capit_on                        0x08002f10   Section        0  main.o(i.pn_tz2_capit_on)
    i.pn_tz2_maju_off                        0x08002f20   Section        0  main.o(i.pn_tz2_maju_off)
    i.pn_tz2_maju_on                         0x08002f30   Section        0  main.o(i.pn_tz2_maju_on)
    i.prvAddCurrentTaskToDelayedList         0x08002f40   Section        0  tasks.o(i.prvAddCurrentTaskToDelayedList)
    prvAddCurrentTaskToDelayedList           0x08002f41   Thumb Code   102  tasks.o(i.prvAddCurrentTaskToDelayedList)
    i.prvAddNewTaskToReadyList               0x08002fb0   Section        0  tasks.o(i.prvAddNewTaskToReadyList)
    prvAddNewTaskToReadyList                 0x08002fb1   Thumb Code   194  tasks.o(i.prvAddNewTaskToReadyList)
    i.prvCheckTasksWaitingTermination        0x08003080   Section        0  tasks.o(i.prvCheckTasksWaitingTermination)
    prvCheckTasksWaitingTermination          0x08003081   Thumb Code    70  tasks.o(i.prvCheckTasksWaitingTermination)
    i.prvDeleteTCB                           0x080030d0   Section        0  tasks.o(i.prvDeleteTCB)
    prvDeleteTCB                             0x080030d1   Thumb Code    20  tasks.o(i.prvDeleteTCB)
    i.prvHeapInit                            0x080030e4   Section        0  heap_4.o(i.prvHeapInit)
    prvHeapInit                              0x080030e5   Thumb Code    66  heap_4.o(i.prvHeapInit)
    i.prvIdleTask                            0x08003130   Section        0  tasks.o(i.prvIdleTask)
    prvIdleTask                              0x08003131   Thumb Code    30  tasks.o(i.prvIdleTask)
    i.prvInitialiseNewTask                   0x08003158   Section        0  tasks.o(i.prvInitialiseNewTask)
    prvInitialiseNewTask                     0x08003159   Thumb Code   142  tasks.o(i.prvInitialiseNewTask)
    i.prvInsertBlockIntoFreeList             0x080031e8   Section        0  heap_4.o(i.prvInsertBlockIntoFreeList)
    prvInsertBlockIntoFreeList               0x080031e9   Thumb Code    72  heap_4.o(i.prvInsertBlockIntoFreeList)
    i.prvResetNextTaskUnblockTime            0x08003234   Section        0  tasks.o(i.prvResetNextTaskUnblockTime)
    prvResetNextTaskUnblockTime              0x08003235   Thumb Code    26  tasks.o(i.prvResetNextTaskUnblockTime)
    i.prvTaskExitError                       0x08003254   Section        0  port.o(i.prvTaskExitError)
    prvTaskExitError                         0x08003255   Thumb Code    36  port.o(i.prvTaskExitError)
    i.pvPortMalloc                           0x0800327c   Section        0  heap_4.o(i.pvPortMalloc)
    i.pxPortInitialiseStack                  0x08003354   Section        0  port.o(i.pxPortInitialiseStack)
    i.rem                                    0x08003380   Section        0  main.o(i.rem)
    i.stop                                   0x080033e0   Section        0  main.o(i.stop)
    i.uxListRemove                           0x08003440   Section        0  list.o(i.uxListRemove)
    i.vListInitialise                        0x08003464   Section        0  list.o(i.vListInitialise)
    i.vListInitialiseItem                    0x0800347a   Section        0  list.o(i.vListInitialiseItem)
    i.vListInsert                            0x08003480   Section        0  list.o(i.vListInsert)
    i.vListInsertEnd                         0x080034b0   Section        0  list.o(i.vListInsertEnd)
    i.vPortEnterCritical                     0x080034c8   Section        0  port.o(i.vPortEnterCritical)
    i.vPortExitCritical                      0x08003508   Section        0  port.o(i.vPortExitCritical)
    i.vPortFree                              0x08003530   Section        0  heap_4.o(i.vPortFree)
    i.vPortSetupTimerInterrupt               0x0800358c   Section        0  port.o(i.vPortSetupTimerInterrupt)
    i.vTaskDelay                             0x080035ac   Section        0  tasks.o(i.vTaskDelay)
    i.vTaskStartScheduler                    0x080035f8   Section        0  tasks.o(i.vTaskStartScheduler)
    i.vTaskSuspendAll                        0x08003660   Section        0  tasks.o(i.vTaskSuspendAll)
    i.vTaskSwitchContext                     0x08003670   Section        0  tasks.o(i.vTaskSwitchContext)
    i.xPortStartScheduler                    0x080036cc   Section        0  port.o(i.xPortStartScheduler)
    i.xPortSysTickHandler                    0x080037ac   Section        0  port.o(i.xPortSysTickHandler)
    i.xTaskCreate                            0x080037d8   Section        0  tasks.o(i.xTaskCreate)
    i.xTaskGetSchedulerState                 0x08003830   Section        0  tasks.o(i.xTaskGetSchedulerState)
    i.xTaskIncrementTick                     0x0800384c   Section        0  tasks.o(i.xTaskIncrementTick)
    i.xTaskResumeAll                         0x08003914   Section        0  tasks.o(i.xTaskResumeAll)
    .constdata                               0x080039d8   Section       16  system_stm32f4xx.o(.constdata)
    .constdata                               0x080039e8   Section        8  system_stm32f4xx.o(.constdata)
    .constdata                               0x080039f0   Section       40  main.o(.constdata)
    .conststring                             0x08003a18   Section       20  main.o(.conststring)
    .data                                    0x20000000   Section        4  system_stm32f4xx.o(.data)
    .data                                    0x20000004   Section        4  stm32f4xx_hal.o(.data)
    .data                                    0x20000008   Section       12  main.o(.data)
    .data                                    0x20000014   Section       12  port.o(.data)
    ucMaxSysCallPriority                     0x20000014   Data           1  port.o(.data)
    uxCriticalNesting                        0x20000018   Data           4  port.o(.data)
    ulMaxPRIGROUPValue                       0x2000001c   Data           4  port.o(.data)
    .data                                    0x20000020   Section       24  heap_4.o(.data)
    pxEnd                                    0x20000020   Data           4  heap_4.o(.data)
    xFreeBytesRemaining                      0x20000024   Data           4  heap_4.o(.data)
    xMinimumEverFreeBytesRemaining           0x20000028   Data           4  heap_4.o(.data)
    xBlockAllocatedBit                       0x2000002c   Data           4  heap_4.o(.data)
    xStart                                   0x20000030   Data           8  heap_4.o(.data)
    .data                                    0x20000038   Section       60  tasks.o(.data)
    uxDeletedTasksWaitingCleanUp             0x2000003c   Data           4  tasks.o(.data)
    uxCurrentNumberOfTasks                   0x20000040   Data           4  tasks.o(.data)
    xTickCount                               0x20000044   Data           4  tasks.o(.data)
    uxTopReadyPriority                       0x20000048   Data           4  tasks.o(.data)
    xSchedulerRunning                        0x2000004c   Data           4  tasks.o(.data)
    uxPendedTicks                            0x20000050   Data           4  tasks.o(.data)
    xYieldPending                            0x20000054   Data           4  tasks.o(.data)
    xNumOfOverflows                          0x20000058   Data           4  tasks.o(.data)
    uxTaskNumber                             0x2000005c   Data           4  tasks.o(.data)
    xNextTaskUnblockTime                     0x20000060   Data           4  tasks.o(.data)
    xIdleTaskHandle                          0x20000064   Data           4  tasks.o(.data)
    uxSchedulerSuspended                     0x20000068   Data           4  tasks.o(.data)
    pxDelayedTaskList                        0x2000006c   Data           4  tasks.o(.data)
    pxOverflowDelayedTaskList                0x20000070   Data           4  tasks.o(.data)
    .bss                                     0x20000074   Section     1160  main.o(.bss)
    .bss                                     0x200004fc   Section       60  stm32f4xx_hal_timebase_tim.o(.bss)
    .bss                                     0x20000538   Section    15360  heap_4.o(.bss)
    ucHeap                                   0x20000538   Data       15360  heap_4.o(.bss)
    .bss                                     0x20004138   Section      240  tasks.o(.bss)
    pxReadyTasksLists                        0x20004138   Data         140  tasks.o(.bss)
    xDelayedTaskList1                        0x200041c4   Data          20  tasks.o(.bss)
    xDelayedTaskList2                        0x200041d8   Data          20  tasks.o(.bss)
    xPendingReadyList                        0x200041ec   Data          20  tasks.o(.bss)
    xTasksWaitingTermination                 0x20004200   Data          20  tasks.o(.bss)
    xSuspendedTaskList                       0x20004214   Data          20  tasks.o(.bss)
    STACK                                    0x20004228   Section     1024  startup_stm32f429xx.o(STACK)

    Global Symbols

    Symbol Name                              Value     Ov Type        Size  Object(Section)

    BuildAttributes$$THM_ISAv4$E$P$D$K$B$S$7EM$VFPi3$EXTD16$VFPS$VFMA$PE$A:L22UL41UL21$X:L11$S22US41US21$IEEE1$IW$USESV6$~STKCKD$USESV7$~SHL$OSPACE$EBA8$MICROLIB$REQ8$PRES8$EABIv2 0x00000000   Number         0  anon$$obj.o ABSOLUTE
    __ARM_use_no_argv                        0x00000000   Number         0  main.o ABSOLUTE
    __cpp_initialize__aeabi_                  - Undefined Weak Reference
    __cxa_finalize                            - Undefined Weak Reference
    __decompress                              - Undefined Weak Reference
    _clock_init                               - Undefined Weak Reference
    _microlib_exit                            - Undefined Weak Reference
    __Vectors_Size                           0x000001ac   Number         0  startup_stm32f429xx.o ABSOLUTE
    __Vectors                                0x08000000   Data           4  startup_stm32f429xx.o(RESET)
    __Vectors_End                            0x080001ac   Data           0  startup_stm32f429xx.o(RESET)
    __main                                   0x080001ad   Thumb Code     0  entry.o(.ARM.Collect$$$$00000000)
    _main_stk                                0x080001ad   Thumb Code     0  entry2.o(.ARM.Collect$$$$00000001)
    _main_scatterload                        0x080001b1   Thumb Code     0  entry5.o(.ARM.Collect$$$$00000004)
    __main_after_scatterload                 0x080001b5   Thumb Code     0  entry5.o(.ARM.Collect$$$$00000004)
    _main_clock                              0x080001b5   Thumb Code     0  entry7b.o(.ARM.Collect$$$$00000008)
    _main_cpp_init                           0x080001b5   Thumb Code     0  entry8b.o(.ARM.Collect$$$$0000000A)
    _main_init                               0x080001b5   Thumb Code     0  entry9a.o(.ARM.Collect$$$$0000000B)
    __rt_final_cpp                           0x080001bd   Thumb Code     0  entry10a.o(.ARM.Collect$$$$0000000D)
    __rt_final_exit                          0x080001bd   Thumb Code     0  entry11a.o(.ARM.Collect$$$$0000000F)
    SVC_Handler                              0x080001c1   Thumb Code    28  port.o(.emb_text)
    __asm___6_port_c_39a90d8d__prvStartFirstTask 0x080001e1   Thumb Code    28  port.o(.emb_text)
    __asm___6_port_c_39a90d8d__prvEnableVFP  0x08000201   Thumb Code    16  port.o(.emb_text)
    PendSV_Handler                           0x08000215   Thumb Code    92  port.o(.emb_text)
    vPortGetIPSR                             0x08000275   Thumb Code     6  port.o(.emb_text)
    Reset_Handler                            0x0800027d   Thumb Code     8  startup_stm32f429xx.o(.text)
    NMI_Handler                              0x08000285   Thumb Code     2  startup_stm32f429xx.o(.text)
    HardFault_Handler                        0x08000287   Thumb Code     2  startup_stm32f429xx.o(.text)
    MemManage_Handler                        0x08000289   Thumb Code     2  startup_stm32f429xx.o(.text)
    BusFault_Handler                         0x0800028b   Thumb Code     2  startup_stm32f429xx.o(.text)
    UsageFault_Handler                       0x0800028d   Thumb Code     2  startup_stm32f429xx.o(.text)
    DebugMon_Handler                         0x08000291   Thumb Code     2  startup_stm32f429xx.o(.text)
    ADC_IRQHandler                           0x08000297   Thumb Code     0  startup_stm32f429xx.o(.text)
    CAN1_RX0_IRQHandler                      0x08000297   Thumb Code     0  startup_stm32f429xx.o(.text)
    CAN1_RX1_IRQHandler                      0x08000297   Thumb Code     0  startup_stm32f429xx.o(.text)
    CAN1_SCE_IRQHandler                      0x08000297   Thumb Code     0  startup_stm32f429xx.o(.text)
    CAN1_TX_IRQHandler                       0x08000297   Thumb Code     0  startup_stm32f429xx.o(.text)
    CAN2_RX0_IRQHandler                      0x08000297   Thumb Code     0  startup_stm32f429xx.o(.text)
    CAN2_RX1_IRQHandler                      0x08000297   Thumb Code     0  startup_stm32f429xx.o(.text)
    CAN2_SCE_IRQHandler                      0x08000297   Thumb Code     0  startup_stm32f429xx.o(.text)
    CAN2_TX_IRQHandler                       0x08000297   Thumb Code     0  startup_stm32f429xx.o(.text)
    DCMI_IRQHandler                          0x08000297   Thumb Code     0  startup_stm32f429xx.o(.text)
    DMA1_Stream0_IRQHandler                  0x08000297   Thumb Code     0  startup_stm32f429xx.o(.text)
    DMA1_Stream1_IRQHandler                  0x08000297   Thumb Code     0  startup_stm32f429xx.o(.text)
    DMA1_Stream2_IRQHandler                  0x08000297   Thumb Code     0  startup_stm32f429xx.o(.text)
    DMA1_Stream3_IRQHandler                  0x08000297   Thumb Code     0  startup_stm32f429xx.o(.text)
    DMA1_Stream4_IRQHandler                  0x08000297   Thumb Code     0  startup_stm32f429xx.o(.text)
    DMA1_Stream5_IRQHandler                  0x08000297   Thumb Code     0  startup_stm32f429xx.o(.text)
    DMA1_Stream6_IRQHandler                  0x08000297   Thumb Code     0  startup_stm32f429xx.o(.text)
    DMA1_Stream7_IRQHandler                  0x08000297   Thumb Code     0  startup_stm32f429xx.o(.text)
    DMA2D_IRQHandler                         0x08000297   Thumb Code     0  startup_stm32f429xx.o(.text)
    DMA2_Stream0_IRQHandler                  0x08000297   Thumb Code     0  startup_stm32f429xx.o(.text)
    DMA2_Stream1_IRQHandler                  0x08000297   Thumb Code     0  startup_stm32f429xx.o(.text)
    DMA2_Stream2_IRQHandler                  0x08000297   Thumb Code     0  startup_stm32f429xx.o(.text)
    DMA2_Stream3_IRQHandler                  0x08000297   Thumb Code     0  startup_stm32f429xx.o(.text)
    DMA2_Stream4_IRQHandler                  0x08000297   Thumb Code     0  startup_stm32f429xx.o(.text)
    DMA2_Stream5_IRQHandler                  0x08000297   Thumb Code     0  startup_stm32f429xx.o(.text)
    DMA2_Stream6_IRQHandler                  0x08000297   Thumb Code     0  startup_stm32f429xx.o(.text)
    DMA2_Stream7_IRQHandler                  0x08000297   Thumb Code     0  startup_stm32f429xx.o(.text)
    ETH_IRQHandler                           0x08000297   Thumb Code     0  startup_stm32f429xx.o(.text)
    ETH_WKUP_IRQHandler                      0x08000297   Thumb Code     0  startup_stm32f429xx.o(.text)
    EXTI0_IRQHandler                         0x08000297   Thumb Code     0  startup_stm32f429xx.o(.text)
    EXTI15_10_IRQHandler                     0x08000297   Thumb Code     0  startup_stm32f429xx.o(.text)
    EXTI1_IRQHandler                         0x08000297   Thumb Code     0  startup_stm32f429xx.o(.text)
    EXTI2_IRQHandler                         0x08000297   Thumb Code     0  startup_stm32f429xx.o(.text)
    EXTI3_IRQHandler                         0x08000297   Thumb Code     0  startup_stm32f429xx.o(.text)
    EXTI4_IRQHandler                         0x08000297   Thumb Code     0  startup_stm32f429xx.o(.text)
    EXTI9_5_IRQHandler                       0x08000297   Thumb Code     0  startup_stm32f429xx.o(.text)
    FLASH_IRQHandler                         0x08000297   Thumb Code     0  startup_stm32f429xx.o(.text)
    FMC_IRQHandler                           0x08000297   Thumb Code     0  startup_stm32f429xx.o(.text)
    FPU_IRQHandler                           0x08000297   Thumb Code     0  startup_stm32f429xx.o(.text)
    HASH_RNG_IRQHandler                      0x08000297   Thumb Code     0  startup_stm32f429xx.o(.text)
    I2C1_ER_IRQHandler                       0x08000297   Thumb Code     0  startup_stm32f429xx.o(.text)
    I2C1_EV_IRQHandler                       0x08000297   Thumb Code     0  startup_stm32f429xx.o(.text)
    I2C2_ER_IRQHandler                       0x08000297   Thumb Code     0  startup_stm32f429xx.o(.text)
    I2C2_EV_IRQHandler                       0x08000297   Thumb Code     0  startup_stm32f429xx.o(.text)
    I2C3_ER_IRQHandler                       0x08000297   Thumb Code     0  startup_stm32f429xx.o(.text)
    I2C3_EV_IRQHandler                       0x08000297   Thumb Code     0  startup_stm32f429xx.o(.text)
    LTDC_ER_IRQHandler                       0x08000297   Thumb Code     0  startup_stm32f429xx.o(.text)
    LTDC_IRQHandler                          0x08000297   Thumb Code     0  startup_stm32f429xx.o(.text)
    OTG_FS_IRQHandler                        0x08000297   Thumb Code     0  startup_stm32f429xx.o(.text)
    OTG_FS_WKUP_IRQHandler                   0x08000297   Thumb Code     0  startup_stm32f429xx.o(.text)
    OTG_HS_EP1_IN_IRQHandler                 0x08000297   Thumb Code     0  startup_stm32f429xx.o(.text)
    OTG_HS_EP1_OUT_IRQHandler                0x08000297   Thumb Code     0  startup_stm32f429xx.o(.text)
    OTG_HS_IRQHandler                        0x08000297   Thumb Code     0  startup_stm32f429xx.o(.text)
    OTG_HS_WKUP_IRQHandler                   0x08000297   Thumb Code     0  startup_stm32f429xx.o(.text)
    PVD_IRQHandler                           0x08000297   Thumb Code     0  startup_stm32f429xx.o(.text)
    RCC_IRQHandler                           0x08000297   Thumb Code     0  startup_stm32f429xx.o(.text)
    RTC_Alarm_IRQHandler                     0x08000297   Thumb Code     0  startup_stm32f429xx.o(.text)
    RTC_WKUP_IRQHandler                      0x08000297   Thumb Code     0  startup_stm32f429xx.o(.text)
    SAI1_IRQHandler                          0x08000297   Thumb Code     0  startup_stm32f429xx.o(.text)
    SDIO_IRQHandler                          0x08000297   Thumb Code     0  startup_stm32f429xx.o(.text)
    SPI1_IRQHandler                          0x08000297   Thumb Code     0  startup_stm32f429xx.o(.text)
    SPI2_IRQHandler                          0x08000297   Thumb Code     0  startup_stm32f429xx.o(.text)
    SPI3_IRQHandler                          0x08000297   Thumb Code     0  startup_stm32f429xx.o(.text)
    SPI4_IRQHandler                          0x08000297   Thumb Code     0  startup_stm32f429xx.o(.text)
    SPI5_IRQHandler                          0x08000297   Thumb Code     0  startup_stm32f429xx.o(.text)
    SPI6_IRQHandler                          0x08000297   Thumb Code     0  startup_stm32f429xx.o(.text)
    TAMP_STAMP_IRQHandler                    0x08000297   Thumb Code     0  startup_stm32f429xx.o(.text)
    TIM1_BRK_TIM9_IRQHandler                 0x08000297   Thumb Code     0  startup_stm32f429xx.o(.text)
    TIM1_CC_IRQHandler                       0x08000297   Thumb Code     0  startup_stm32f429xx.o(.text)
    TIM1_TRG_COM_TIM11_IRQHandler            0x08000297   Thumb Code     0  startup_stm32f429xx.o(.text)
    TIM1_UP_TIM10_IRQHandler                 0x08000297   Thumb Code     0  startup_stm32f429xx.o(.text)
    TIM3_IRQHandler                          0x08000297   Thumb Code     0  startup_stm32f429xx.o(.text)
    TIM4_IRQHandler                          0x08000297   Thumb Code     0  startup_stm32f429xx.o(.text)
    TIM5_IRQHandler                          0x08000297   Thumb Code     0  startup_stm32f429xx.o(.text)
    TIM6_DAC_IRQHandler                      0x08000297   Thumb Code     0  startup_stm32f429xx.o(.text)
    TIM7_IRQHandler                          0x08000297   Thumb Code     0  startup_stm32f429xx.o(.text)
    TIM8_BRK_TIM12_IRQHandler                0x08000297   Thumb Code     0  startup_stm32f429xx.o(.text)
    TIM8_CC_IRQHandler                       0x08000297   Thumb Code     0  startup_stm32f429xx.o(.text)
    TIM8_TRG_COM_TIM14_IRQHandler            0x08000297   Thumb Code     0  startup_stm32f429xx.o(.text)
    TIM8_UP_TIM13_IRQHandler                 0x08000297   Thumb Code     0  startup_stm32f429xx.o(.text)
    UART4_IRQHandler                         0x08000297   Thumb Code     0  startup_stm32f429xx.o(.text)
    UART5_IRQHandler                         0x08000297   Thumb Code     0  startup_stm32f429xx.o(.text)
    UART7_IRQHandler                         0x08000297   Thumb Code     0  startup_stm32f429xx.o(.text)
    UART8_IRQHandler                         0x08000297   Thumb Code     0  startup_stm32f429xx.o(.text)
    USART1_IRQHandler                        0x08000297   Thumb Code     0  startup_stm32f429xx.o(.text)
    USART2_IRQHandler                        0x08000297   Thumb Code     0  startup_stm32f429xx.o(.text)
    USART3_IRQHandler                        0x08000297   Thumb Code     0  startup_stm32f429xx.o(.text)
    USART6_IRQHandler                        0x08000297   Thumb Code     0  startup_stm32f429xx.o(.text)
    WWDG_IRQHandler                          0x08000297   Thumb Code     0  startup_stm32f429xx.o(.text)
    __aeabi_uldivmod                         0x080002a1   Thumb Code    98  uldiv.o(.text)
    __aeabi_memcpy                           0x08000303   Thumb Code    36  memcpya.o(.text)
    __aeabi_memcpy4                          0x08000303   Thumb Code     0  memcpya.o(.text)
    __aeabi_memcpy8                          0x08000303   Thumb Code     0  memcpya.o(.text)
    __aeabi_llsl                             0x08000327   Thumb Code    30  llshl.o(.text)
    _ll_shift_l                              0x08000327   Thumb Code     0  llshl.o(.text)
    __aeabi_llsr                             0x08000345   Thumb Code    32  llushr.o(.text)
    _ll_ushift_r                             0x08000345   Thumb Code     0  llushr.o(.text)
    __scatterload                            0x08000365   Thumb Code    28  init.o(.text)
    __scatterload_rt2                        0x08000365   Thumb Code     0  init.o(.text)
    Get_PS2Dat                               0x08000389   Thumb Code   254  main.o(i.Get_PS2Dat)
    HAL_Delay                                0x0800048d   Thumb Code    28  stm32f4xx_hal.o(i.HAL_Delay)
    HAL_GPIO_Init                            0x080004a9   Thumb Code   408  stm32f4xx_hal_gpio.o(i.HAL_GPIO_Init)
    HAL_GPIO_ReadPin                         0x08000675   Thumb Code    10  stm32f4xx_hal_gpio.o(i.HAL_GPIO_ReadPin)
    HAL_GPIO_WritePin                        0x0800067f   Thumb Code    10  stm32f4xx_hal_gpio.o(i.HAL_GPIO_WritePin)
    HAL_GetTick                              0x08000689   Thumb Code     6  stm32f4xx_hal.o(i.HAL_GetTick)
    HAL_IncTick                              0x08000695   Thumb Code    10  stm32f4xx_hal.o(i.HAL_IncTick)
    HAL_Init                                 0x080006a5   Thumb Code    48  stm32f4xx_hal.o(i.HAL_Init)
    HAL_InitTick                             0x080006d9   Thumb Code   102  stm32f4xx_hal_timebase_tim.o(i.HAL_InitTick)
    HAL_MspInit                              0x0800074d   Thumb Code    88  stm32f4xx_hal_msp.o(i.HAL_MspInit)
    HAL_NVIC_EnableIRQ                       0x080007a5   Thumb Code    22  stm32f4xx_hal_cortex.o(i.HAL_NVIC_EnableIRQ)
    HAL_NVIC_SetPriority                     0x080007bd   Thumb Code    60  stm32f4xx_hal_cortex.o(i.HAL_NVIC_SetPriority)
    HAL_NVIC_SetPriorityGrouping             0x080007fd   Thumb Code    26  stm32f4xx_hal_cortex.o(i.HAL_NVIC_SetPriorityGrouping)
    HAL_RCC_ClockConfig                      0x08000821   Thumb Code   286  stm32f4xx_hal_rcc.o(i.HAL_RCC_ClockConfig)
    HAL_RCC_GetClockConfig                   0x08000951   Thumb Code    54  stm32f4xx_hal_rcc.o(i.HAL_RCC_GetClockConfig)
    HAL_RCC_GetHCLKFreq                      0x08000991   Thumb Code     6  stm32f4xx_hal_rcc.o(i.HAL_RCC_GetHCLKFreq)
    HAL_RCC_GetPCLK1Freq                     0x0800099d   Thumb Code    20  stm32f4xx_hal_rcc.o(i.HAL_RCC_GetPCLK1Freq)
    HAL_RCC_GetSysClockFreq                  0x080009bd   Thumb Code    88  stm32f4xx_hal_rcc.o(i.HAL_RCC_GetSysClockFreq)
    HAL_RCC_OscConfig                        0x08000a1d   Thumb Code   730  stm32f4xx_hal_rcc.o(i.HAL_RCC_OscConfig)
    HAL_SPI_Init                             0x08000d0d   Thumb Code   128  stm32f4xx_hal_spi.o(i.HAL_SPI_Init)
    HAL_SPI_MspInit                          0x08000d8d   Thumb Code    62  stm32f4xx_hal_msp.o(i.HAL_SPI_MspInit)
    HAL_SPI_TransmitReceive                  0x08000dd9   Thumb Code   472  stm32f4xx_hal_spi.o(i.HAL_SPI_TransmitReceive)
    HAL_SYSTICK_CLKSourceConfig              0x08000fb1   Thumb Code    24  stm32f4xx_hal_cortex.o(i.HAL_SYSTICK_CLKSourceConfig)
    HAL_SYSTICK_Config                       0x08000fc9   Thumb Code    40  stm32f4xx_hal_cortex.o(i.HAL_SYSTICK_Config)
    HAL_TIMEx_BreakCallback                  0x08000ff1   Thumb Code     2  stm32f4xx_hal_tim_ex.o(i.HAL_TIMEx_BreakCallback)
    HAL_TIMEx_CommutationCallback            0x08000ff3   Thumb Code     2  stm32f4xx_hal_tim_ex.o(i.HAL_TIMEx_CommutationCallback)
    HAL_TIMEx_ConfigBreakDeadTime            0x08000ff5   Thumb Code    90  stm32f4xx_hal_tim_ex.o(i.HAL_TIMEx_ConfigBreakDeadTime)
    HAL_TIMEx_MasterConfigSynchronization    0x0800104f   Thumb Code    80  stm32f4xx_hal_tim_ex.o(i.HAL_TIMEx_MasterConfigSynchronization)
    HAL_TIM_Base_Init                        0x0800109f   Thumb Code    54  stm32f4xx_hal_tim.o(i.HAL_TIM_Base_Init)
    HAL_TIM_Base_MspInit                     0x080010d5   Thumb Code    30  stm32f4xx_hal_msp.o(i.HAL_TIM_Base_MspInit)
    HAL_TIM_Base_Start_IT                    0x080010fd   Thumb Code    24  stm32f4xx_hal_tim.o(i.HAL_TIM_Base_Start_IT)
    HAL_TIM_ConfigClockSource                0x08001115   Thumb Code   242  stm32f4xx_hal_tim.o(i.HAL_TIM_ConfigClockSource)
    HAL_TIM_IC_CaptureCallback               0x08001207   Thumb Code     2  stm32f4xx_hal_tim.o(i.HAL_TIM_IC_CaptureCallback)
    HAL_TIM_IRQHandler                       0x08001209   Thumb Code   358  stm32f4xx_hal_tim.o(i.HAL_TIM_IRQHandler)
    HAL_TIM_MspPostInit                      0x08001371   Thumb Code    44  stm32f4xx_hal_msp.o(i.HAL_TIM_MspPostInit)
    HAL_TIM_OC_DelayElapsedCallback          0x080013a5   Thumb Code     2  stm32f4xx_hal_tim.o(i.HAL_TIM_OC_DelayElapsedCallback)
    HAL_TIM_PWM_ConfigChannel                0x080013a7   Thumb Code   208  stm32f4xx_hal_tim.o(i.HAL_TIM_PWM_ConfigChannel)
    HAL_TIM_PWM_Init                         0x08001477   Thumb Code    54  stm32f4xx_hal_tim.o(i.HAL_TIM_PWM_Init)
    HAL_TIM_PWM_MspInit                      0x080014ad   Thumb Code     2  stm32f4xx_hal_tim.o(i.HAL_TIM_PWM_MspInit)
    HAL_TIM_PWM_PulseFinishedCallback        0x080014af   Thumb Code     2  stm32f4xx_hal_tim.o(i.HAL_TIM_PWM_PulseFinishedCallback)
    HAL_TIM_PWM_Start                        0x080014b1   Thumb Code    48  stm32f4xx_hal_tim.o(i.HAL_TIM_PWM_Start)
    HAL_TIM_PeriodElapsedCallback            0x080014e9   Thumb Code    14  main.o(i.HAL_TIM_PeriodElapsedCallback)
    HAL_TIM_TriggerCallback                  0x080014f7   Thumb Code     2  stm32f4xx_hal_tim.o(i.HAL_TIM_TriggerCallback)
    PS2_RWByte                               0x080017d1   Thumb Code    28  main.o(i.PS2_RWByte)
    SysTick_Handler                          0x080018a7   Thumb Code     4  stm32f4xx_it.o(i.SysTick_Handler)
    SystemClock_Config                       0x080018ad   Thumb Code   134  main.o(i.SystemClock_Config)
    SystemInit                               0x0800193d   Thumb Code    66  system_stm32f4xx.o(i.SystemInit)
    TIM2_IRQHandler                          0x08001991   Thumb Code     6  stm32f4xx_it.o(i.TIM2_IRQHandler)
    TIM_Base_SetConfig                       0x0800199d   Thumb Code   148  stm32f4xx_hal_tim.o(i.TIM_Base_SetConfig)
    TIM_CCxChannelCmd                        0x08001a5d   Thumb Code    22  stm32f4xx_hal_tim.o(i.TIM_CCxChannelCmd)
    TIM_OC2_SetConfig                        0x08001af1   Thumb Code    90  stm32f4xx_hal_tim.o(i.TIM_OC2_SetConfig)
    Thread1                                  0x08001c4d   Thumb Code    56  main.o(i.Thread1)
    Thread2                                  0x08001c89   Thumb Code     8  main.o(i.Thread2)
    __scatterload_copy                       0x08001c91   Thumb Code    14  handlers.o(i.__scatterload_copy)
    __scatterload_null                       0x08001c9f   Thumb Code     2  handlers.o(i.__scatterload_null)
    __scatterload_zeroinit                   0x08001ca1   Thumb Code    14  handlers.o(i.__scatterload_zeroinit)
    kanan                                    0x08001cb1   Thumb Code    90  main.o(i.kanan)
    kiri                                     0x08001d19   Thumb Code    90  main.o(i.kiri)
    lcd_clear                                0x08001d81   Thumb Code     8  lcd_txt.o(i.lcd_clear)
    lcd_init                                 0x08001d89   Thumb Code   118  lcd_txt.o(i.lcd_init)
    lcd_puts                                 0x08001e09   Thumb Code    62  lcd_txt.o(i.lcd_puts)
    lcd_write                                0x08001e49   Thumb Code   232  lcd_txt.o(i.lcd_write)
    lengan_p_kanan                           0x08001f39   Thumb Code    34  main.o(i.lengan_p_kanan)
    lengan_p_kiri                            0x08001f69   Thumb Code    34  main.o(i.lengan_p_kiri)
    lengan_rem                               0x08001f99   Thumb Code    32  main.o(i.lengan_rem)
    main                                     0x08001fc5   Thumb Code  3182  main.o(i.main)
    maju                                     0x08002c51   Thumb Code    90  main.o(i.maju)
    mundur                                   0x08002cc5   Thumb Code    90  main.o(i.mundur)
    mundur_kanan                             0x08002d2d   Thumb Code    90  main.o(i.mundur_kanan)
    osDelay                                  0x08002d95   Thumb Code    14  cmsis_os.o(i.osDelay)
    osKernelStart                            0x08002da3   Thumb Code    10  cmsis_os.o(i.osKernelStart)
    osSystickHandler                         0x08002dad   Thumb Code    20  cmsis_os.o(i.osSystickHandler)
    osThreadCreate                           0x08002dc1   Thumb Code    46  cmsis_os.o(i.osThreadCreate)
    p_kanan                                  0x08002df1   Thumb Code    90  main.o(i.p_kanan)
    p_kiri                                   0x08002e59   Thumb Code    90  main.o(i.p_kiri)
    pn_tz1_capit_off                         0x08002ec1   Thumb Code    10  main.o(i.pn_tz1_capit_off)
    pn_tz1_capit_on                          0x08002ed1   Thumb Code    10  main.o(i.pn_tz1_capit_on)
    pn_tz1_maju_off                          0x08002ee1   Thumb Code    10  main.o(i.pn_tz1_maju_off)
    pn_tz1_maju_on                           0x08002ef1   Thumb Code    10  main.o(i.pn_tz1_maju_on)
    pn_tz2_capit_off                         0x08002f01   Thumb Code    10  main.o(i.pn_tz2_capit_off)
    pn_tz2_capit_on                          0x08002f11   Thumb Code    10  main.o(i.pn_tz2_capit_on)
    pn_tz2_maju_off                          0x08002f21   Thumb Code    10  main.o(i.pn_tz2_maju_off)
    pn_tz2_maju_on                           0x08002f31   Thumb Code    10  main.o(i.pn_tz2_maju_on)
    pvPortMalloc                             0x0800327d   Thumb Code   210  heap_4.o(i.pvPortMalloc)
    pxPortInitialiseStack                    0x08003355   Thumb Code    40  port.o(i.pxPortInitialiseStack)
    rem                                      0x08003381   Thumb Code    84  main.o(i.rem)
    stop                                     0x080033e1   Thumb Code    82  main.o(i.stop)
    uxListRemove                             0x08003441   Thumb Code    36  list.o(i.uxListRemove)
    vListInitialise                          0x08003465   Thumb Code    22  list.o(i.vListInitialise)
    vListInitialiseItem                      0x0800347b   Thumb Code     6  list.o(i.vListInitialiseItem)
    vListInsert                              0x08003481   Thumb Code    48  list.o(i.vListInsert)
    vListInsertEnd                           0x080034b1   Thumb Code    24  list.o(i.vListInsertEnd)
    vPortEnterCritical                       0x080034c9   Thumb Code    54  port.o(i.vPortEnterCritical)
    vPortExitCritical                        0x08003509   Thumb Code    34  port.o(i.vPortExitCritical)
    vPortFree                                0x08003531   Thumb Code    88  heap_4.o(i.vPortFree)
    vPortSetupTimerInterrupt                 0x0800358d   Thumb Code    26  port.o(i.vPortSetupTimerInterrupt)
    vTaskDelay                               0x080035ad   Thumb Code    66  tasks.o(i.vTaskDelay)
    vTaskStartScheduler                      0x080035f9   Thumb Code    86  tasks.o(i.vTaskStartScheduler)
    vTaskSuspendAll                          0x08003661   Thumb Code    10  tasks.o(i.vTaskSuspendAll)
    vTaskSwitchContext                       0x08003671   Thumb Code    82  tasks.o(i.vTaskSwitchContext)
    xPortStartScheduler                      0x080036cd   Thumb Code   202  port.o(i.xPortStartScheduler)
    xPortSysTickHandler                      0x080037ad   Thumb Code    38  port.o(i.xPortSysTickHandler)
    xTaskCreate                              0x080037d9   Thumb Code    86  tasks.o(i.xTaskCreate)
    xTaskGetSchedulerState                   0x08003831   Thumb Code    22  tasks.o(i.xTaskGetSchedulerState)
    xTaskIncrementTick                       0x0800384d   Thumb Code   192  tasks.o(i.xTaskIncrementTick)
    xTaskResumeAll                           0x08003915   Thumb Code   182  tasks.o(i.xTaskResumeAll)
    AHBPrescTable                            0x080039d8   Data          16  system_stm32f4xx.o(.constdata)
    APBPrescTable                            0x080039e8   Data           8  system_stm32f4xx.o(.constdata)
    Region$$Table$$Base                      0x08003a2c   Number         0  anon$$obj.o(Region$$Table)
    Region$$Table$$Limit                     0x08003a4c   Number         0  anon$$obj.o(Region$$Table)
    SystemCoreClock                          0x20000000   Data           4  system_stm32f4xx.o(.data)
    uwTick                                   0x20000004   Data           4  stm32f4xx_hal.o(.data)
    test                                     0x20000008   Data           1  main.o(.data)
    i                                        0x2000000a   Data           2  main.o(.data)
    defaultTaskHandle                        0x2000000c   Data           4  main.o(.data)
    thread2Handle                            0x20000010   Data           4  main.o(.data)
    pxCurrentTCB                             0x20000038   Data           4  tasks.o(.data)
    PS2buf                                   0x20000074   Data          10  main.o(.bss)
    eeprom_data                              0x2000007e   Data        1000  main.o(.bss)
    hspi1                                    0x20000468   Data          88  main.o(.bss)
    htim1                                    0x200004c0   Data          60  main.o(.bss)
    htim2                                    0x200004fc   Data          60  stm32f4xx_hal_timebase_tim.o(.bss)
    __initial_sp                             0x20004628   Data           0  startup_stm32f429xx.o(STACK)



==============================================================================

Memory Map of the image

  Image Entry point : 0x080001ad

  Load Region LR_IROM1 (Base: 0x08000000, Size: 0x00003ac0, Max: 0x00200000, ABSOLUTE)

    Execution Region ER_IROM1 (Exec base: 0x08000000, Load base: 0x08000000, Size: 0x00003a4c, Max: 0x00200000, ABSOLUTE)

    Exec Addr    Load Addr    Size         Type   Attr      Idx    E Section Name        Object

    0x08000000   0x08000000   0x000001ac   Data   RO          133    RESET               startup_stm32f429xx.o
    0x080001ac   0x080001ac   0x00000000   Code   RO         3975  * .ARM.Collect$$$$00000000  mc_w.l(entry.o)
    0x080001ac   0x080001ac   0x00000004   Code   RO         3984    .ARM.Collect$$$$00000001  mc_w.l(entry2.o)
    0x080001b0   0x080001b0   0x00000004   Code   RO         3987    .ARM.Collect$$$$00000004  mc_w.l(entry5.o)
    0x080001b4   0x080001b4   0x00000000   Code   RO         3989    .ARM.Collect$$$$00000008  mc_w.l(entry7b.o)
    0x080001b4   0x080001b4   0x00000000   Code   RO         3991    .ARM.Collect$$$$0000000A  mc_w.l(entry8b.o)
    0x080001b4   0x080001b4   0x00000008   Code   RO         3992    .ARM.Collect$$$$0000000B  mc_w.l(entry9a.o)
    0x080001bc   0x080001bc   0x00000000   Code   RO         3994    .ARM.Collect$$$$0000000D  mc_w.l(entry10a.o)
    0x080001bc   0x080001bc   0x00000000   Code   RO         3996    .ARM.Collect$$$$0000000F  mc_w.l(entry11a.o)
    0x080001bc   0x080001bc   0x00000004   Code   RO         3985    .ARM.Collect$$$$00002712  mc_w.l(entry2.o)
    0x080001c0   0x080001c0   0x000000ba   Code   RO         2995    .emb_text           port.o
    0x0800027a   0x0800027a   0x00000002   PAD
    0x0800027c   0x0800027c   0x00000024   Code   RO          134    .text               startup_stm32f429xx.o
    0x080002a0   0x080002a0   0x00000062   Code   RO         3978    .text               mc_w.l(uldiv.o)
    0x08000302   0x08000302   0x00000024   Code   RO         3980    .text               mc_w.l(memcpya.o)
    0x08000326   0x08000326   0x0000001e   Code   RO         3998    .text               mc_w.l(llshl.o)
    0x08000344   0x08000344   0x00000020   Code   RO         4000    .text               mc_w.l(llushr.o)
    0x08000364   0x08000364   0x00000024   Code   RO         4002    .text               mc_w.l(init.o)
    0x08000388   0x08000388   0x00000104   Code   RO         2418    i.Get_PS2Dat        main.o
    0x0800048c   0x0800048c   0x0000001c   Code   RO          467    i.HAL_Delay         stm32f4xx_hal.o
    0x080004a8   0x080004a8   0x000001cc   Code   RO         1437    i.HAL_GPIO_Init     stm32f4xx_hal_gpio.o
    0x08000674   0x08000674   0x0000000a   Code   RO         1439    i.HAL_GPIO_ReadPin  stm32f4xx_hal_gpio.o
    0x0800067e   0x0800067e   0x0000000a   Code   RO         1441    i.HAL_GPIO_WritePin  stm32f4xx_hal_gpio.o
    0x08000688   0x08000688   0x0000000c   Code   RO          475    i.HAL_GetTick       stm32f4xx_hal.o
    0x08000694   0x08000694   0x00000010   Code   RO          477    i.HAL_IncTick       stm32f4xx_hal.o
    0x080006a4   0x080006a4   0x00000034   Code   RO          478    i.HAL_Init          stm32f4xx_hal.o
    0x080006d8   0x080006d8   0x00000074   Code   RO         2863    i.HAL_InitTick      stm32f4xx_hal_timebase_tim.o
    0x0800074c   0x0800074c   0x00000058   Code   RO         2714    i.HAL_MspInit       stm32f4xx_hal_msp.o
    0x080007a4   0x080007a4   0x00000016   Code   RO         1970    i.HAL_NVIC_EnableIRQ  stm32f4xx_hal_cortex.o
    0x080007ba   0x080007ba   0x00000002   PAD
    0x080007bc   0x080007bc   0x00000040   Code   RO         1976    i.HAL_NVIC_SetPriority  stm32f4xx_hal_cortex.o
    0x080007fc   0x080007fc   0x00000024   Code   RO         1977    i.HAL_NVIC_SetPriorityGrouping  stm32f4xx_hal_cortex.o
    0x08000820   0x08000820   0x00000130   Code   RO          259    i.HAL_RCC_ClockConfig  stm32f4xx_hal_rcc.o
    0x08000950   0x08000950   0x00000040   Code   RO          263    i.HAL_RCC_GetClockConfig  stm32f4xx_hal_rcc.o
    0x08000990   0x08000990   0x0000000c   Code   RO          264    i.HAL_RCC_GetHCLKFreq  stm32f4xx_hal_rcc.o
    0x0800099c   0x0800099c   0x00000020   Code   RO          266    i.HAL_RCC_GetPCLK1Freq  stm32f4xx_hal_rcc.o
    0x080009bc   0x080009bc   0x00000060   Code   RO          268    i.HAL_RCC_GetSysClockFreq  stm32f4xx_hal_rcc.o
    0x08000a1c   0x08000a1c   0x000002f0   Code   RO          271    i.HAL_RCC_OscConfig  stm32f4xx_hal_rcc.o
    0x08000d0c   0x08000d0c   0x00000080   Code   RO         2111    i.HAL_SPI_Init      stm32f4xx_hal_spi.o
    0x08000d8c   0x08000d8c   0x0000004c   Code   RO         2716    i.HAL_SPI_MspInit   stm32f4xx_hal_msp.o
    0x08000dd8   0x08000dd8   0x000001d8   Code   RO         2120    i.HAL_SPI_TransmitReceive  stm32f4xx_hal_spi.o
    0x08000fb0   0x08000fb0   0x00000018   Code   RO         1979    i.HAL_SYSTICK_CLKSourceConfig  stm32f4xx_hal_cortex.o
    0x08000fc8   0x08000fc8   0x00000028   Code   RO         1981    i.HAL_SYSTICK_Config  stm32f4xx_hal_cortex.o
    0x08000ff0   0x08000ff0   0x00000002   Code   RO         1606    i.HAL_TIMEx_BreakCallback  stm32f4xx_hal_tim_ex.o
    0x08000ff2   0x08000ff2   0x00000002   Code   RO         1607    i.HAL_TIMEx_CommutationCallback  stm32f4xx_hal_tim_ex.o
    0x08000ff4   0x08000ff4   0x0000005a   Code   RO         1608    i.HAL_TIMEx_ConfigBreakDeadTime  stm32f4xx_hal_tim_ex.o
    0x0800104e   0x0800104e   0x00000050   Code   RO         1623    i.HAL_TIMEx_MasterConfigSynchronization  stm32f4xx_hal_tim_ex.o
    0x0800109e   0x0800109e   0x00000036   Code   RO          627    i.HAL_TIM_Base_Init  stm32f4xx_hal_tim.o
    0x080010d4   0x080010d4   0x00000028   Code   RO         2718    i.HAL_TIM_Base_MspInit  stm32f4xx_hal_msp.o
    0x080010fc   0x080010fc   0x00000018   Code   RO          632    i.HAL_TIM_Base_Start_IT  stm32f4xx_hal_tim.o
    0x08001114   0x08001114   0x000000f2   Code   RO          636    i.HAL_TIM_ConfigClockSource  stm32f4xx_hal_tim.o
    0x08001206   0x08001206   0x00000002   Code   RO          656    i.HAL_TIM_IC_CaptureCallback  stm32f4xx_hal_tim.o
    0x08001208   0x08001208   0x00000166   Code   RO          669    i.HAL_TIM_IRQHandler  stm32f4xx_hal_tim.o
    0x0800136e   0x0800136e   0x00000002   PAD
    0x08001370   0x08001370   0x00000034   Code   RO         2719    i.HAL_TIM_MspPostInit  stm32f4xx_hal_msp.o
    0x080013a4   0x080013a4   0x00000002   Code   RO          672    i.HAL_TIM_OC_DelayElapsedCallback  stm32f4xx_hal_tim.o
    0x080013a6   0x080013a6   0x000000d0   Code   RO          693    i.HAL_TIM_PWM_ConfigChannel  stm32f4xx_hal_tim.o
    0x08001476   0x08001476   0x00000036   Code   RO          696    i.HAL_TIM_PWM_Init  stm32f4xx_hal_tim.o
    0x080014ac   0x080014ac   0x00000002   Code   RO          698    i.HAL_TIM_PWM_MspInit  stm32f4xx_hal_tim.o
    0x080014ae   0x080014ae   0x00000002   Code   RO          699    i.HAL_TIM_PWM_PulseFinishedCallback  stm32f4xx_hal_tim.o
    0x080014b0   0x080014b0   0x00000038   Code   RO          700    i.HAL_TIM_PWM_Start  stm32f4xx_hal_tim.o
    0x080014e8   0x080014e8   0x0000000e   Code   RO         2419    i.HAL_TIM_PeriodElapsedCallback  main.o
    0x080014f6   0x080014f6   0x00000002   Code   RO          710    i.HAL_TIM_TriggerCallback  stm32f4xx_hal_tim.o
    0x080014f8   0x080014f8   0x000001ac   Code   RO         2421    i.MX_GPIO_Init      main.o
    0x080016a4   0x080016a4   0x00000044   Code   RO         2422    i.MX_SPI1_Init      main.o
    0x080016e8   0x080016e8   0x000000c8   Code   RO         2423    i.MX_TIM1_Init      main.o
    0x080017b0   0x080017b0   0x00000020   Code   RO         1983    i.NVIC_SetPriority  stm32f4xx_hal_cortex.o
    0x080017d0   0x080017d0   0x00000020   Code   RO         2424    i.PS2_RWByte        main.o
    0x080017f0   0x080017f0   0x00000020   Code   RO         2135    i.SPI_CheckFlag_BSY  stm32f4xx_hal_spi.o
    0x08001810   0x08001810   0x00000096   Code   RO         2153    i.SPI_WaitFlagStateUntilTimeout  stm32f4xx_hal_spi.o
    0x080018a6   0x080018a6   0x00000004   Code   RO         2768    i.SysTick_Handler   stm32f4xx_it.o
    0x080018aa   0x080018aa   0x00000002   PAD
    0x080018ac   0x080018ac   0x00000090   Code   RO         2426    i.SystemClock_Config  main.o
    0x0800193c   0x0800193c   0x00000054   Code   RO            5    i.SystemInit        system_stm32f4xx.o
    0x08001990   0x08001990   0x0000000c   Code   RO         2769    i.TIM2_IRQHandler   stm32f4xx_it.o
    0x0800199c   0x0800199c   0x000000c0   Code   RO          711    i.TIM_Base_SetConfig  stm32f4xx_hal_tim.o
    0x08001a5c   0x08001a5c   0x00000016   Code   RO          712    i.TIM_CCxChannelCmd  stm32f4xx_hal_tim.o
    0x08001a72   0x08001a72   0x00000014   Code   RO          718    i.TIM_ETR_SetConfig  stm32f4xx_hal_tim.o
    0x08001a86   0x08001a86   0x00000010   Code   RO          719    i.TIM_ITRx_SetConfig  stm32f4xx_hal_tim.o
    0x08001a96   0x08001a96   0x00000002   PAD
    0x08001a98   0x08001a98   0x00000058   Code   RO          720    i.TIM_OC1_SetConfig  stm32f4xx_hal_tim.o
    0x08001af0   0x08001af0   0x00000064   Code   RO          721    i.TIM_OC2_SetConfig  stm32f4xx_hal_tim.o
    0x08001b54   0x08001b54   0x00000060   Code   RO          722    i.TIM_OC3_SetConfig  stm32f4xx_hal_tim.o
    0x08001bb4   0x08001bb4   0x00000050   Code   RO          723    i.TIM_OC4_SetConfig  stm32f4xx_hal_tim.o
    0x08001c04   0x08001c04   0x00000022   Code   RO          725    i.TIM_TI1_ConfigInputStage  stm32f4xx_hal_tim.o
    0x08001c26   0x08001c26   0x00000024   Code   RO          727    i.TIM_TI2_ConfigInputStage  stm32f4xx_hal_tim.o
    0x08001c4a   0x08001c4a   0x00000002   PAD
    0x08001c4c   0x08001c4c   0x0000003c   Code   RO         2427    i.Thread1           main.o
    0x08001c88   0x08001c88   0x00000008   Code   RO         2428    i.Thread2           main.o
    0x08001c90   0x08001c90   0x0000000e   Code   RO         4006    i.__scatterload_copy  mc_w.l(handlers.o)
    0x08001c9e   0x08001c9e   0x00000002   Code   RO         4007    i.__scatterload_null  mc_w.l(handlers.o)
    0x08001ca0   0x08001ca0   0x0000000e   Code   RO         4008    i.__scatterload_zeroinit  mc_w.l(handlers.o)
    0x08001cae   0x08001cae   0x00000002   PAD
    0x08001cb0   0x08001cb0   0x00000068   Code   RO         2433    i.kanan             main.o
    0x08001d18   0x08001d18   0x00000068   Code   RO         2434    i.kiri              main.o
    0x08001d80   0x08001d80   0x00000008   Code   RO         2802    i.lcd_clear         lcd_txt.o
    0x08001d88   0x08001d88   0x00000080   Code   RO         2803    i.lcd_init          lcd_txt.o
    0x08001e08   0x08001e08   0x0000003e   Code   RO         2804    i.lcd_puts          lcd_txt.o
    0x08001e46   0x08001e46   0x00000002   PAD
    0x08001e48   0x08001e48   0x000000f0   Code   RO         2805    i.lcd_write         lcd_txt.o
    0x08001f38   0x08001f38   0x00000030   Code   RO         2435    i.lengan_p_kanan    main.o
    0x08001f68   0x08001f68   0x00000030   Code   RO         2436    i.lengan_p_kiri     main.o
    0x08001f98   0x08001f98   0x0000002c   Code   RO         2437    i.lengan_rem        main.o
    0x08001fc4   0x08001fc4   0x00000c8c   Code   RO         2439    i.main              main.o
    0x08002c50   0x08002c50   0x00000068   Code   RO         2440    i.maju              main.o
    0x08002cb8   0x08002cb8   0x0000000c   Code   RO         3602    i.makeFreeRtosPriority  cmsis_os.o
    0x08002cc4   0x08002cc4   0x00000068   Code   RO         2441    i.mundur            main.o
    0x08002d2c   0x08002d2c   0x00000068   Code   RO         2442    i.mundur_kanan      main.o
    0x08002d94   0x08002d94   0x0000000e   Code   RO         3604    i.osDelay           cmsis_os.o
    0x08002da2   0x08002da2   0x0000000a   Code   RO         3607    i.osKernelStart     cmsis_os.o
    0x08002dac   0x08002dac   0x00000014   Code   RO         3640    i.osSystickHandler  cmsis_os.o
    0x08002dc0   0x08002dc0   0x0000002e   Code   RO         3641    i.osThreadCreate    cmsis_os.o
    0x08002dee   0x08002dee   0x00000002   PAD
    0x08002df0   0x08002df0   0x00000068   Code   RO         2443    i.p_kanan           main.o
    0x08002e58   0x08002e58   0x00000068   Code   RO         2444    i.p_kiri            main.o
    0x08002ec0   0x08002ec0   0x00000010   Code   RO         2445    i.pn_tz1_capit_off  main.o
    0x08002ed0   0x08002ed0   0x00000010   Code   RO         2446    i.pn_tz1_capit_on   main.o
    0x08002ee0   0x08002ee0   0x00000010   Code   RO         2447    i.pn_tz1_maju_off   main.o
    0x08002ef0   0x08002ef0   0x00000010   Code   RO         2448    i.pn_tz1_maju_on    main.o
    0x08002f00   0x08002f00   0x00000010   Code   RO         2449    i.pn_tz2_capit_off  main.o
    0x08002f10   0x08002f10   0x00000010   Code   RO         2450    i.pn_tz2_capit_on   main.o
    0x08002f20   0x08002f20   0x00000010   Code   RO         2451    i.pn_tz2_maju_off   main.o
    0x08002f30   0x08002f30   0x00000010   Code   RO         2452    i.pn_tz2_maju_on    main.o
    0x08002f40   0x08002f40   0x00000070   Code   RO         3319    i.prvAddCurrentTaskToDelayedList  tasks.o
    0x08002fb0   0x08002fb0   0x000000d0   Code   RO         3320    i.prvAddNewTaskToReadyList  tasks.o
    0x08003080   0x08003080   0x00000050   Code   RO         3321    i.prvCheckTasksWaitingTermination  tasks.o
    0x080030d0   0x080030d0   0x00000014   Code   RO         3322    i.prvDeleteTCB      tasks.o
    0x080030e4   0x080030e4   0x0000004c   Code   RO         3072    i.prvHeapInit       heap_4.o
    0x08003130   0x08003130   0x00000028   Code   RO         3323    i.prvIdleTask       tasks.o
    0x08003158   0x08003158   0x0000008e   Code   RO         3324    i.prvInitialiseNewTask  tasks.o
    0x080031e6   0x080031e6   0x00000002   PAD
    0x080031e8   0x080031e8   0x0000004c   Code   RO         3073    i.prvInsertBlockIntoFreeList  heap_4.o
    0x08003234   0x08003234   0x00000020   Code   RO         3325    i.prvResetNextTaskUnblockTime  tasks.o
    0x08003254   0x08003254   0x00000028   Code   RO         2996    i.prvTaskExitError  port.o
    0x0800327c   0x0800327c   0x000000d8   Code   RO         3074    i.pvPortMalloc      heap_4.o
    0x08003354   0x08003354   0x0000002c   Code   RO         2997    i.pxPortInitialiseStack  port.o
    0x08003380   0x08003380   0x00000060   Code   RO         2453    i.rem               main.o
    0x080033e0   0x080033e0   0x00000060   Code   RO         2455    i.stop              main.o
    0x08003440   0x08003440   0x00000024   Code   RO         3282    i.uxListRemove      list.o
    0x08003464   0x08003464   0x00000016   Code   RO         3283    i.vListInitialise   list.o
    0x0800347a   0x0800347a   0x00000006   Code   RO         3284    i.vListInitialiseItem  list.o
    0x08003480   0x08003480   0x00000030   Code   RO         3285    i.vListInsert       list.o
    0x080034b0   0x080034b0   0x00000018   Code   RO         3286    i.vListInsertEnd    list.o
    0x080034c8   0x080034c8   0x00000040   Code   RO         2999    i.vPortEnterCritical  port.o
    0x08003508   0x08003508   0x00000028   Code   RO         3000    i.vPortExitCritical  port.o
    0x08003530   0x08003530   0x0000005c   Code   RO         3075    i.vPortFree         heap_4.o
    0x0800358c   0x0800358c   0x00000020   Code   RO         3001    i.vPortSetupTimerInterrupt  port.o
    0x080035ac   0x080035ac   0x0000004c   Code   RO         3333    i.vTaskDelay        tasks.o
    0x080035f8   0x080035f8   0x00000068   Code   RO         3344    i.vTaskStartScheduler  tasks.o
    0x08003660   0x08003660   0x00000010   Code   RO         3346    i.vTaskSuspendAll   tasks.o
    0x08003670   0x08003670   0x0000005c   Code   RO         3347    i.vTaskSwitchContext  tasks.o
    0x080036cc   0x080036cc   0x000000e0   Code   RO         3003    i.xPortStartScheduler  port.o
    0x080037ac   0x080037ac   0x0000002c   Code   RO         3004    i.xPortSysTickHandler  port.o
    0x080037d8   0x080037d8   0x00000056   Code   RO         3349    i.xTaskCreate       tasks.o
    0x0800382e   0x0800382e   0x00000002   PAD
    0x08003830   0x08003830   0x0000001c   Code   RO         3353    i.xTaskGetSchedulerState  tasks.o
    0x0800384c   0x0800384c   0x000000c8   Code   RO         3356    i.xTaskIncrementTick  tasks.o
    0x08003914   0x08003914   0x000000c4   Code   RO         3362    i.xTaskResumeAll    tasks.o
    0x080039d8   0x080039d8   0x00000010   Data   RO            6    .constdata          system_stm32f4xx.o
    0x080039e8   0x080039e8   0x00000008   Data   RO            7    .constdata          system_stm32f4xx.o
    0x080039f0   0x080039f0   0x00000028   Data   RO         2459    .constdata          main.o
    0x08003a18   0x08003a18   0x00000014   Data   RO         2460    .conststring        main.o
    0x08003a2c   0x08003a2c   0x00000020   Data   RO         4004    Region$$Table       anon$$obj.o


    Execution Region RW_IRAM1 (Exec base: 0x20000000, Load base: 0x08003a4c, Size: 0x00004628, Max: 0x00030000, ABSOLUTE)

    Exec Addr    Load Addr    Size         Type   Attr      Idx    E Section Name        Object

    0x20000000   0x08003a4c   0x00000004   Data   RW            8    .data               system_stm32f4xx.o
    0x20000004   0x08003a50   0x00000004   Data   RW          484    .data               stm32f4xx_hal.o
    0x20000008   0x08003a54   0x0000000c   Data   RW         2464    .data               main.o
    0x20000014   0x08003a60   0x0000000c   Data   RW         3005    .data               port.o
    0x20000020   0x08003a6c   0x00000018   Data   RW         3080    .data               heap_4.o
    0x20000038   0x08003a84   0x0000003c   Data   RW         3365    .data               tasks.o
    0x20000074        -       0x00000488   Zero   RW         2457    .bss                main.o
    0x200004fc        -       0x0000003c   Zero   RW         2866    .bss                stm32f4xx_hal_timebase_tim.o
    0x20000538        -       0x00003c00   Zero   RW         3079    .bss                heap_4.o
    0x20004138        -       0x000000f0   Zero   RW         3364    .bss                tasks.o
    0x20004228        -       0x00000400   Zero   RW          131    STACK               startup_stm32f429xx.o


==============================================================================

Image component sizes


      Code (inc. data)   RO Data    RW Data    ZI Data      Debug   Object Name

       102          0          0          0          0      14692   cmsis_os.o
         0          0          0          0          0       9900   event_groups.o
       460         24          0         24      15360       8383   heap_4.o
       438         18          0          0          0       2570   lcd_txt.o
       136          0          0          0          0       4370   list.o
      5614        600         60         12       1160      45942   main.o
       674         74          0         12          0      12528   port.o
        36          8        428          0       1024        804   startup_stm32f429xx.o
       108         16          0          4          0       4524   stm32f4xx_hal.o
       218         14          0          0          0      32253   stm32f4xx_hal_cortex.o
       480         52          0          0          0       3683   stm32f4xx_hal_gpio.o
       256         32          0          0          0       2805   stm32f4xx_hal_msp.o
      1260         76          0          0          0       6554   stm32f4xx_hal_rcc.o
       782          0          0          0          0       5117   stm32f4xx_hal_spi.o
      1690         88          0          0          0      19216   stm32f4xx_hal_tim.o
       174          0          0          0          0       3942   stm32f4xx_hal_tim_ex.o
       116         14          0          0         60       1536   stm32f4xx_hal_timebase_tim.o
        16          6          0          0          0        908   stm32f4xx_it.o
        84         18         24          4          0     732411   system_stm32f4xx.o
      1432        122          0         60        240      18711   tasks.o

    ----------------------------------------------------------------------
     14096       1162        544        116      17844     930849   Object Totals
         0          0         32          0          0          0   (incl. Generated)
        20          0          0          0          0          0   (incl. Padding)

    ----------------------------------------------------------------------

      Code (inc. data)   RO Data    RW Data    ZI Data      Debug   Library Member Name

         0          0          0          0          0          0   entry.o
         0          0          0          0          0          0   entry10a.o
         0          0          0          0          0          0   entry11a.o
         8          4          0          0          0          0   entry2.o
         4          0          0          0          0          0   entry5.o
         0          0          0          0          0          0   entry7b.o
         0          0          0          0          0          0   entry8b.o
         8          4          0          0          0          0   entry9a.o
        30          0          0          0          0          0   handlers.o
        36          8          0          0          0         68   init.o
        30          0          0          0          0         68   llshl.o
        32          0          0          0          0         68   llushr.o
        36          0          0          0          0         68   memcpya.o
        98          0          0          0          0         92   uldiv.o

    ----------------------------------------------------------------------
       284         16          0          0          0        364   Library Totals
         2          0          0          0          0          0   (incl. Padding)

    ----------------------------------------------------------------------

      Code (inc. data)   RO Data    RW Data    ZI Data      Debug   Library Name

       282         16          0          0          0        364   mc_w.l

    ----------------------------------------------------------------------
       284         16          0          0          0        364   Library Totals

    ----------------------------------------------------------------------

==============================================================================


      Code (inc. data)   RO Data    RW Data    ZI Data      Debug   

     14380       1178        544        116      17844     919213   Grand Totals
     14380       1178        544        116      17844     919213   ELF Image Totals
     14380       1178        544        116          0          0   ROM Totals

==============================================================================

    Total RO  Size (Code + RO Data)                14924 (  14.57kB)
    Total RW  Size (RW Data + ZI Data)             17960 (  17.54kB)
    Total ROM Size (Code + RO Data + RW Data)      15040 (  14.69kB)

==============================================================================

